Archive member included to satisfy reference by file (symbol)

/Applications/ArmGNUToolchain/13.3.rel1/arm-none-eabi/bin/../lib/gcc/arm-none-eabi/13.3.1/thumb/v7e-m/nofp/libgcc.a(_aeabi_uldivmod.o)
                              CMakeFiles/test.elf.dir/Drivers/STM32F4xx_HAL_Driver/Src/stm32f4xx_hal_rcc.c.obj (__aeabi_uldivmod)
/Applications/ArmGNUToolchain/13.3.rel1/arm-none-eabi/bin/../lib/gcc/arm-none-eabi/13.3.1/thumb/v7e-m/nofp/libgcc.a(_udivmoddi4.o)
                              /Applications/ArmGNUToolchain/13.3.rel1/arm-none-eabi/bin/../lib/gcc/arm-none-eabi/13.3.1/thumb/v7e-m/nofp/libgcc.a(_aeabi_uldivmod.o) (__udivmoddi4)
/Applications/ArmGNUToolchain/13.3.rel1/arm-none-eabi/bin/../lib/gcc/arm-none-eabi/13.3.1/thumb/v7e-m/nofp/libgcc.a(_dvmd_tls.o)
                              /Applications/ArmGNUToolchain/13.3.rel1/arm-none-eabi/bin/../lib/gcc/arm-none-eabi/13.3.1/thumb/v7e-m/nofp/libgcc.a(_aeabi_uldivmod.o) (__aeabi_ldiv0)
/Applications/ArmGNUToolchain/13.3.rel1/arm-none-eabi/bin/../lib/gcc/arm-none-eabi/13.3.1/../../../../arm-none-eabi/lib/thumb/v7e-m/nofp/libg.a(libc_a-exit.o)
                              /Applications/ArmGNUToolchain/13.3.rel1/arm-none-eabi/bin/../lib/gcc/arm-none-eabi/13.3.1/../../../../arm-none-eabi/lib/thumb/v7e-m/nofp/crt0.o (exit)
/Applications/ArmGNUToolchain/13.3.rel1/arm-none-eabi/bin/../lib/gcc/arm-none-eabi/13.3.1/../../../../arm-none-eabi/lib/thumb/v7e-m/nofp/libg.a(libc_a-findfp.o)
                              /Applications/ArmGNUToolchain/13.3.rel1/arm-none-eabi/bin/../lib/gcc/arm-none-eabi/13.3.1/../../../../arm-none-eabi/lib/thumb/v7e-m/nofp/libg.a(libc_a-exit.o) (__stdio_exit_handler)
/Applications/ArmGNUToolchain/13.3.rel1/arm-none-eabi/bin/../lib/gcc/arm-none-eabi/13.3.1/../../../../arm-none-eabi/lib/thumb/v7e-m/nofp/libg.a(libc_a-memset.o)
                              /Applications/ArmGNUToolchain/13.3.rel1/arm-none-eabi/bin/../lib/gcc/arm-none-eabi/13.3.1/../../../../arm-none-eabi/lib/thumb/v7e-m/nofp/crt0.o (memset)
/Applications/ArmGNUToolchain/13.3.rel1/arm-none-eabi/bin/../lib/gcc/arm-none-eabi/13.3.1/../../../../arm-none-eabi/lib/thumb/v7e-m/nofp/libg.a(libc_a-impure.o)
                              /Applications/ArmGNUToolchain/13.3.rel1/arm-none-eabi/bin/../lib/gcc/arm-none-eabi/13.3.1/../../../../arm-none-eabi/lib/thumb/v7e-m/nofp/libg.a(libc_a-findfp.o) (_impure_data)
/Applications/ArmGNUToolchain/13.3.rel1/arm-none-eabi/bin/../lib/gcc/arm-none-eabi/13.3.1/../../../../arm-none-eabi/lib/thumb/v7e-m/nofp/libg.a(libc_a-init.o)
                              /Applications/ArmGNUToolchain/13.3.rel1/arm-none-eabi/bin/../lib/gcc/arm-none-eabi/13.3.1/../../../../arm-none-eabi/lib/thumb/v7e-m/nofp/crt0.o (__libc_init_array)
/Applications/ArmGNUToolchain/13.3.rel1/arm-none-eabi/bin/../lib/gcc/arm-none-eabi/13.3.1/../../../../arm-none-eabi/lib/thumb/v7e-m/nofp/libg.a(libc_a-lock.o)
                              /Applications/ArmGNUToolchain/13.3.rel1/arm-none-eabi/bin/../lib/gcc/arm-none-eabi/13.3.1/../../../../arm-none-eabi/lib/thumb/v7e-m/nofp/libg.a(libc_a-findfp.o) (__retarget_lock_init_recursive)
/Applications/ArmGNUToolchain/13.3.rel1/arm-none-eabi/bin/../lib/gcc/arm-none-eabi/13.3.1/../../../../arm-none-eabi/lib/thumb/v7e-m/nofp/libg.a(libc_a-__call_atexit.o)
                              /Applications/ArmGNUToolchain/13.3.rel1/arm-none-eabi/bin/../lib/gcc/arm-none-eabi/13.3.1/../../../../arm-none-eabi/lib/thumb/v7e-m/nofp/libg.a(libc_a-exit.o) (__call_exitprocs)
/Applications/ArmGNUToolchain/13.3.rel1/arm-none-eabi/bin/../lib/gcc/arm-none-eabi/13.3.1/../../../../arm-none-eabi/lib/thumb/v7e-m/nofp/libg.a(libc_a-atexit.o)
                              /Applications/ArmGNUToolchain/13.3.rel1/arm-none-eabi/bin/../lib/gcc/arm-none-eabi/13.3.1/../../../../arm-none-eabi/lib/thumb/v7e-m/nofp/libg.a(libc_a-__call_atexit.o) (atexit)
/Applications/ArmGNUToolchain/13.3.rel1/arm-none-eabi/bin/../lib/gcc/arm-none-eabi/13.3.1/../../../../arm-none-eabi/lib/thumb/v7e-m/nofp/libg.a(libc_a-mallocr.o)
                              /Applications/ArmGNUToolchain/13.3.rel1/arm-none-eabi/bin/../lib/gcc/arm-none-eabi/13.3.1/../../../../arm-none-eabi/lib/thumb/v7e-m/nofp/libg.a(libc_a-findfp.o) (_malloc_r)
/Applications/ArmGNUToolchain/13.3.rel1/arm-none-eabi/bin/../lib/gcc/arm-none-eabi/13.3.1/../../../../arm-none-eabi/lib/thumb/v7e-m/nofp/libg.a(libc_a-mlock.o)
                              /Applications/ArmGNUToolchain/13.3.rel1/arm-none-eabi/bin/../lib/gcc/arm-none-eabi/13.3.1/../../../../arm-none-eabi/lib/thumb/v7e-m/nofp/libg.a(libc_a-mallocr.o) (__malloc_lock)
/Applications/ArmGNUToolchain/13.3.rel1/arm-none-eabi/bin/../lib/gcc/arm-none-eabi/13.3.1/../../../../arm-none-eabi/lib/thumb/v7e-m/nofp/libg.a(libc_a-fwalk.o)
                              /Applications/ArmGNUToolchain/13.3.rel1/arm-none-eabi/bin/../lib/gcc/arm-none-eabi/13.3.1/../../../../arm-none-eabi/lib/thumb/v7e-m/nofp/libg.a(libc_a-findfp.o) (_fwalk_sglue)
[...]
Memory Configuration

Name             Origin             Length             Attributes
RAM              0x20000000         0x00020000         xrw
FLASH            0x08000000         0x00080000         xr
*default*        0x00000000         0xffffffff

Linker script and memory map

LOAD /Applications/ArmGNUToolchain/13.3.rel1/arm-none-eabi/bin/../lib/gcc/arm-none-eabi/13.3.1/thumb/v7e-m/nofp/crti.o
LOAD /Applications/ArmGNUToolchain/13.3.rel1/arm-none-eabi/bin/../lib/gcc/arm-none-eabi/13.3.1/thumb/v7e-m/nofp/crtbegin.o
LOAD /Applications/ArmGNUToolchain/13.3.rel1/arm-none-eabi/bin/../lib/gcc/arm-none-eabi/13.3.1/../../../../arm-none-eabi/lib/thumb/v7e-m/nofp/crt0.o
LOAD CMakeFiles/test.elf.dir/AZURE_RTOS/App/app_azure_rtos.c.obj
LOAD CMakeFiles/test.elf.dir/Core/Src/app_threadx.c.obj
LOAD CMakeFiles/test.elf.dir/Core/Src/dma.c.obj
LOAD CMakeFiles/test.elf.dir/Core/Src/gpio.c.obj
LOAD CMakeFiles/test.elf.dir/Core/Src/main.c.obj
LOAD CMakeFiles/test.elf.dir/Core/Src/stm32f4xx_hal_msp.c.obj
LOAD CMakeFiles/test.elf.dir/Core/Src/stm32f4xx_hal_timebase_tim.c.obj
LOAD CMakeFiles/test.elf.dir/Core/Src/stm32f4xx_it.c.obj
LOAD CMakeFiles/test.elf.dir/Core/Src/system_stm32f4xx.c.obj
LOAD CMakeFiles/test.elf.dir/Core/Src/tx_initialize_low_level.s.obj
LOAD CMakeFiles/test.elf.dir/Core/Src/usart.c.obj
LOAD CMakeFiles/test.elf.dir/Core/Startup/startup_stm32f411ceux.s.obj
LOAD CMakeFiles/test.elf.dir/Drivers/STM32F4xx_HAL_Driver/Src/stm32f4xx_hal.c.obj
LOAD CMakeFiles/test.elf.dir/Drivers/STM32F4xx_HAL_Driver/Src/stm32f4xx_hal_cortex.c.obj
LOAD CMakeFiles/test.elf.dir/Drivers/STM32F4xx_HAL_Driver/Src/stm32f4xx_hal_dma.c.obj
LOAD CMakeFiles/test.elf.dir/Drivers/STM32F4xx_HAL_Driver/Src/stm32f4xx_hal_dma_ex.c.obj
LOAD CMakeFiles/test.elf.dir/Drivers/STM32F4xx_HAL_Driver/Src/stm32f4xx_hal_exti.c.obj
LOAD CMakeFiles/test.elf.dir/Drivers/STM32F4xx_HAL_Driver/Src/stm32f4xx_hal_flash.c.obj
LOAD CMakeFiles/test.elf.dir/Drivers/STM32F4xx_HAL_Driver/Src/stm32f4xx_hal_flash_ex.c.obj
LOAD CMakeFiles/test.elf.dir/Drivers/STM32F4xx_HAL_Driver/Src/stm32f4xx_hal_flash_ramfunc.c.obj
LOAD CMakeFiles/test.elf.dir/Drivers/STM32F4xx_HAL_Driver/Src/stm32f4xx_hal_gpio.c.obj
LOAD CMakeFiles/test.elf.dir/Drivers/STM32F4xx_HAL_Driver/Src/stm32f4xx_hal_pwr.c.obj
LOAD CMakeFiles/test.elf.dir/Drivers/STM32F4xx_HAL_Driver/Src/stm32f4xx_hal_pwr_ex.c.obj
LOAD CMakeFiles/test.elf.dir/Drivers/STM32F4xx_HAL_Driver/Src/stm32f4xx_hal_rcc.c.obj
LOAD CMakeFiles/test.elf.dir/Drivers/STM32F4xx_HAL_Driver/Src/stm32f4xx_hal_rcc_ex.c.obj
LOAD CMakeFiles/test.elf.dir/Drivers/STM32F4xx_HAL_Driver/Src/stm32f4xx_hal_tim.c.obj
LOAD CMakeFiles/test.elf.dir/Drivers/STM32F4xx_HAL_Driver/Src/stm32f4xx_hal_tim_ex.c.obj
LOAD CMakeFiles/test.elf.dir/Drivers/STM32F4xx_HAL_Driver/Src/stm32f4xx_hal_uart.c.obj
LOAD CMakeFiles/test.elf.dir/Middlewares/ST/threadx/common/src/tx_block_allocate.c.obj
LOAD CMakeFiles/test.elf.dir/Middlewares/ST/threadx/common/src/tx_block_pool_cleanup.c.obj
LOAD CMakeFiles/test.elf.dir/Middlewares/ST/threadx/common/src/tx_block_pool_create.c.obj
LOAD CMakeFiles/test.elf.dir/Middlewares/ST/threadx/common/src/tx_block_pool_delete.c.obj
LOAD CMakeFiles/test.elf.dir/Middlewares/ST/threadx/common/src/tx_block_pool_info_get.c.obj
LOAD CMakeFiles/test.elf.dir/Middlewares/ST/threadx/common/src/tx_block_pool_initialize.c.obj
LOAD CMakeFiles/test.elf.dir/Middlewares/ST/threadx/common/src/tx_block_pool_prioritize.c.obj
LOAD CMakeFiles/test.elf.dir/Middlewares/ST/threadx/common/src/tx_block_release.c.obj
LOAD CMakeFiles/test.elf.dir/Middlewares/ST/threadx/common/src/tx_byte_allocate.c.obj
LOAD CMakeFiles/test.elf.dir/Middlewares/ST/threadx/common/src/tx_byte_pool_cleanup.c.obj
LOAD CMakeFiles/test.elf.dir/Middlewares/ST/threadx/common/src/tx_byte_pool_create.c.obj
LOAD CMakeFiles/test.elf.dir/Middlewares/ST/threadx/common/src/tx_byte_pool_delete.c.obj
LOAD CMakeFiles/test.elf.dir/Middlewares/ST/threadx/common/src/tx_byte_pool_info_get.c.obj
LOAD CMakeFiles/test.elf.dir/Middlewares/ST/threadx/common/src/tx_byte_pool_initialize.c.obj
LOAD CMakeFiles/test.elf.dir/Middlewares/ST/threadx/common/src/tx_byte_pool_prioritize.c.obj
LOAD CMakeFiles/test.elf.dir/Middlewares/ST/threadx/common/src/tx_byte_pool_search.c.obj
LOAD CMakeFiles/test.elf.dir/Middlewares/ST/threadx/common/src/tx_byte_release.c.obj
LOAD CMakeFiles/test.elf.dir/Middlewares/ST/threadx/common/src/tx_event_flags_cleanup.c.obj
LOAD CMakeFiles/test.elf.dir/Middlewares/ST/threadx/common/src/tx_event_flags_create.c.obj
LOAD CMakeFiles/test.elf.dir/Middlewares/ST/threadx/common/src/tx_event_flags_delete.c.obj
LOAD CMakeFiles/test.elf.dir/Middlewares/ST/threadx/common/src/tx_event_flags_get.c.obj
LOAD CMakeFiles/test.elf.dir/Middlewares/ST/threadx/common/src/tx_event_flags_info_get.c.obj
LOAD CMakeFiles/test.elf.dir/Middlewares/ST/threadx/common/src/tx_event_flags_initialize.c.obj
LOAD CMakeFiles/test.elf.dir/Middlewares/ST/threadx/common/src/tx_event_flags_set.c.obj
LOAD CMakeFiles/test.elf.dir/Middlewares/ST/threadx/common/src/tx_event_flags_set_notify.c.obj
LOAD CMakeFiles/test.elf.dir/Middlewares/ST/threadx/common/src/tx_initialize_high_level.c.obj
LOAD CMakeFiles/test.elf.dir/Middlewares/ST/threadx/common/src/tx_initialize_kernel_enter.c.obj
LOAD CMakeFiles/test.elf.dir/Middlewares/ST/threadx/common/src/tx_initialize_kernel_setup.c.obj
LOAD CMakeFiles/test.elf.dir/Middlewares/ST/threadx/common/src/tx_mutex_cleanup.c.obj
LOAD CMakeFiles/test.elf.dir/Middlewares/ST/threadx/common/src/tx_mutex_create.c.obj
LOAD CMakeFiles/test.elf.dir/Middlewares/ST/threadx/common/src/tx_mutex_delete.c.obj
LOAD CMakeFiles/test.elf.dir/Middlewares/ST/threadx/common/src/tx_mutex_get.c.obj
LOAD CMakeFiles/test.elf.dir/Middlewares/ST/threadx/common/src/tx_mutex_info_get.c.obj
LOAD CMakeFiles/test.elf.dir/Middlewares/ST/threadx/common/src/tx_mutex_initialize.c.obj
LOAD CMakeFiles/test.elf.dir/Middlewares/ST/threadx/common/src/tx_mutex_prioritize.c.obj
LOAD CMakeFiles/test.elf.dir/Middlewares/ST/threadx/common/src/tx_mutex_priority_change.c.obj
LOAD CMakeFiles/test.elf.dir/Middlewares/ST/threadx/common/src/tx_mutex_put.c.obj
LOAD CMakeFiles/test.elf.dir/Middlewares/ST/threadx/common/src/tx_queue_cleanup.c.obj
LOAD CMakeFiles/test.elf.dir/Middlewares/ST/threadx/common/src/tx_queue_create.c.obj
LOAD CMakeFiles/test.elf.dir/Middlewares/ST/threadx/common/src/tx_queue_delete.c.obj
LOAD CMakeFiles/test.elf.dir/Middlewares/ST/threadx/common/src/tx_queue_flush.c.obj
LOAD CMakeFiles/test.elf.dir/Middlewares/ST/threadx/common/src/tx_queue_front_send.c.obj
LOAD CMakeFiles/test.elf.dir/Middlewares/ST/threadx/common/src/tx_queue_info_get.c.obj
LOAD CMakeFiles/test.elf.dir/Middlewares/ST/threadx/common/src/tx_queue_initialize.c.obj
LOAD CMakeFiles/test.elf.dir/Middlewares/ST/threadx/common/src/tx_queue_prioritize.c.obj
LOAD CMakeFiles/test.elf.dir/Middlewares/ST/threadx/common/src/tx_queue_receive.c.obj
LOAD CMakeFiles/test.elf.dir/Middlewares/ST/threadx/common/src/tx_queue_send.c.obj
LOAD CMakeFiles/test.elf.dir/Middlewares/ST/threadx/common/src/tx_queue_send_notify.c.obj
LOAD CMakeFiles/test.elf.dir/Middlewares/ST/threadx/common/src/tx_semaphore_ceiling_put.c.obj
LOAD CMakeFiles/test.elf.dir/Middlewares/ST/threadx/common/src/tx_semaphore_cleanup.c.obj
LOAD CMakeFiles/test.elf.dir/Middlewares/ST/threadx/common/src/tx_semaphore_create.c.obj
LOAD CMakeFiles/test.elf.dir/Middlewares/ST/threadx/common/src/tx_semaphore_delete.c.obj
LOAD CMakeFiles/test.elf.dir/Middlewares/ST/threadx/common/src/tx_semaphore_get.c.obj
LOAD CMakeFiles/test.elf.dir/Middlewares/ST/threadx/common/src/tx_semaphore_info_get.c.obj
LOAD CMakeFiles/test.elf.dir/Middlewares/ST/threadx/common/src/tx_semaphore_initialize.c.obj
LOAD CMakeFiles/test.elf.dir/Middlewares/ST/threadx/common/src/tx_semaphore_prioritize.c.obj
LOAD CMakeFiles/test.elf.dir/Middlewares/ST/threadx/common/src/tx_semaphore_put.c.obj
LOAD CMakeFiles/test.elf.dir/Middlewares/ST/threadx/common/src/tx_semaphore_put_notify.c.obj
LOAD CMakeFiles/test.elf.dir/Middlewares/ST/threadx/common/src/tx_thread_create.c.obj
LOAD CMakeFiles/test.elf.dir/Middlewares/ST/threadx/common/src/tx_thread_delete.c.obj
LOAD CMakeFiles/test.elf.dir/Middlewares/ST/threadx/common/src/tx_thread_entry_exit_notify.c.obj
LOAD CMakeFiles/test.elf.dir/Middlewares/ST/threadx/common/src/tx_thread_identify.c.obj
LOAD CMakeFiles/test.elf.dir/Middlewares/ST/threadx/common/src/tx_thread_info_get.c.obj
LOAD CMakeFiles/test.elf.dir/Middlewares/ST/threadx/common/src/tx_thread_initialize.c.obj
LOAD CMakeFiles/test.elf.dir/Middlewares/ST/threadx/common/src/tx_thread_preemption_change.c.obj
LOAD CMakeFiles/test.elf.dir/Middlewares/ST/threadx/common/src/tx_thread_priority_change.c.obj
LOAD CMakeFiles/test.elf.dir/Middlewares/ST/threadx/common/src/tx_thread_relinquish.c.obj
LOAD CMakeFiles/test.elf.dir/Middlewares/ST/threadx/common/src/tx_thread_reset.c.obj
LOAD CMakeFiles/test.elf.dir/Middlewares/ST/threadx/common/src/tx_thread_resume.c.obj
LOAD CMakeFiles/test.elf.dir/Middlewares/ST/threadx/common/src/tx_thread_shell_entry.c.obj
LOAD CMakeFiles/test.elf.dir/Middlewares/ST/threadx/common/src/tx_thread_sleep.c.obj
LOAD CMakeFiles/test.elf.dir/Middlewares/ST/threadx/common/src/tx_thread_stack_analyze.c.obj
LOAD CMakeFiles/test.elf.dir/Middlewares/ST/threadx/common/src/tx_thread_stack_error_handler.c.obj
LOAD CMakeFiles/test.elf.dir/Middlewares/ST/threadx/common/src/tx_thread_stack_error_notify.c.obj
LOAD CMakeFiles/test.elf.dir/Middlewares/ST/threadx/common/src/tx_thread_suspend.c.obj
LOAD CMakeFiles/test.elf.dir/Middlewares/ST/threadx/common/src/tx_thread_system_preempt_check.c.obj
LOAD CMakeFiles/test.elf.dir/Middlewares/ST/threadx/common/src/tx_thread_system_resume.c.obj
LOAD CMakeFiles/test.elf.dir/Middlewares/ST/threadx/common/src/tx_thread_system_suspend.c.obj
LOAD CMakeFiles/test.elf.dir/Middlewares/ST/threadx/common/src/tx_thread_terminate.c.obj
LOAD CMakeFiles/test.elf.dir/Middlewares/ST/threadx/common/src/tx_thread_time_slice.c.obj
LOAD CMakeFiles/test.elf.dir/Middlewares/ST/threadx/common/src/tx_thread_time_slice_change.c.obj
LOAD CMakeFiles/test.elf.dir/Middlewares/ST/threadx/common/src/tx_thread_timeout.c.obj
LOAD CMakeFiles/test.elf.dir/Middlewares/ST/threadx/common/src/tx_thread_wait_abort.c.obj
LOAD CMakeFiles/test.elf.dir/Middlewares/ST/threadx/common/src/tx_time_get.c.obj
LOAD CMakeFiles/test.elf.dir/Middlewares/ST/threadx/common/src/tx_time_set.c.obj
LOAD CMakeFiles/test.elf.dir/Middlewares/ST/threadx/common/src/tx_timer_activate.c.obj
LOAD CMakeFiles/test.elf.dir/Middlewares/ST/threadx/common/src/tx_timer_change.c.obj
LOAD CMakeFiles/test.elf.dir/Middlewares/ST/threadx/common/src/tx_timer_create.c.obj
LOAD CMakeFiles/test.elf.dir/Middlewares/ST/threadx/common/src/tx_timer_deactivate.c.obj
LOAD CMakeFiles/test.elf.dir/Middlewares/ST/threadx/common/src/tx_timer_delete.c.obj
LOAD CMakeFiles/test.elf.dir/Middlewares/ST/threadx/common/src/tx_timer_expiration_process.c.obj
LOAD CMakeFiles/test.elf.dir/Middlewares/ST/threadx/common/src/tx_timer_info_get.c.obj
LOAD CMakeFiles/test.elf.dir/Middlewares/ST/threadx/common/src/tx_timer_initialize.c.obj
LOAD CMakeFiles/test.elf.dir/Middlewares/ST/threadx/common/src/tx_timer_system_activate.c.obj
LOAD CMakeFiles/test.elf.dir/Middlewares/ST/threadx/common/src/tx_timer_system_deactivate.c.obj
LOAD CMakeFiles/test.elf.dir/Middlewares/ST/threadx/common/src/tx_timer_thread_entry.c.obj
LOAD CMakeFiles/test.elf.dir/Middlewares/ST/threadx/common/src/txe_block_allocate.c.obj
LOAD CMakeFiles/test.elf.dir/Middlewares/ST/threadx/common/src/txe_block_pool_create.c.obj
LOAD CMakeFiles/test.elf.dir/Middlewares/ST/threadx/common/src/txe_block_pool_delete.c.obj
LOAD CMakeFiles/test.elf.dir/Middlewares/ST/threadx/common/src/txe_block_pool_info_get.c.obj
LOAD CMakeFiles/test.elf.dir/Middlewares/ST/threadx/common/src/txe_block_pool_prioritize.c.obj
LOAD CMakeFiles/test.elf.dir/Middlewares/ST/threadx/common/src/txe_block_release.c.obj
LOAD CMakeFiles/test.elf.dir/Middlewares/ST/threadx/common/src/txe_byte_allocate.c.obj
LOAD CMakeFiles/test.elf.dir/Middlewares/ST/threadx/common/src/txe_byte_pool_create.c.obj
LOAD CMakeFiles/test.elf.dir/Middlewares/ST/threadx/common/src/txe_byte_pool_delete.c.obj
LOAD CMakeFiles/test.elf.dir/Middlewares/ST/threadx/common/src/txe_byte_pool_info_get.c.obj
LOAD CMakeFiles/test.elf.dir/Middlewares/ST/threadx/common/src/txe_byte_pool_prioritize.c.obj
LOAD CMakeFiles/test.elf.dir/Middlewares/ST/threadx/common/src/txe_byte_release.c.obj
LOAD CMakeFiles/test.elf.dir/Middlewares/ST/threadx/common/src/txe_event_flags_create.c.obj
LOAD CMakeFiles/test.elf.dir/Middlewares/ST/threadx/common/src/txe_event_flags_delete.c.obj
LOAD CMakeFiles/test.elf.dir/Middlewares/ST/threadx/common/src/txe_event_flags_get.c.obj
LOAD CMakeFiles/test.elf.dir/Middlewares/ST/threadx/common/src/txe_event_flags_info_get.c.obj
LOAD CMakeFiles/test.elf.dir/Middlewares/ST/threadx/common/src/txe_event_flags_set.c.obj
LOAD CMakeFiles/test.elf.dir/Middlewares/ST/threadx/common/src/txe_event_flags_set_notify.c.obj
LOAD CMakeFiles/test.elf.dir/Middlewares/ST/threadx/common/src/txe_mutex_create.c.obj
LOAD CMakeFiles/test.elf.dir/Middlewares/ST/threadx/common/src/txe_mutex_delete.c.obj
LOAD CMakeFiles/test.elf.dir/Middlewares/ST/threadx/common/src/txe_mutex_get.c.obj
LOAD CMakeFiles/test.elf.dir/Middlewares/ST/threadx/common/src/txe_mutex_info_get.c.obj
LOAD CMakeFiles/test.elf.dir/Middlewares/ST/threadx/common/src/txe_mutex_prioritize.c.obj
LOAD CMakeFiles/test.elf.dir/Middlewares/ST/threadx/common/src/txe_mutex_put.c.obj
LOAD CMakeFiles/test.elf.dir/Middlewares/ST/threadx/common/src/txe_queue_create.c.obj
LOAD CMakeFiles/test.elf.dir/Middlewares/ST/threadx/common/src/txe_queue_delete.c.obj
LOAD CMakeFiles/test.elf.dir/Middlewares/ST/threadx/common/src/txe_queue_flush.c.obj
LOAD CMakeFiles/test.elf.dir/Middlewares/ST/threadx/common/src/txe_queue_front_send.c.obj
LOAD CMakeFiles/test.elf.dir/Middlewares/ST/threadx/common/src/txe_queue_info_get.c.obj
LOAD CMakeFiles/test.elf.dir/Middlewares/ST/threadx/common/src/txe_queue_prioritize.c.obj
LOAD CMakeFiles/test.elf.dir/Middlewares/ST/threadx/common/src/txe_queue_receive.c.obj
LOAD CMakeFiles/test.elf.dir/Middlewares/ST/threadx/common/src/txe_queue_send.c.obj
LOAD CMakeFiles/test.elf.dir/Middlewares/ST/threadx/common/src/txe_queue_send_notify.c.obj
LOAD CMakeFiles/test.elf.dir/Middlewares/ST/threadx/common/src/txe_semaphore_ceiling_put.c.obj
LOAD CMakeFiles/test.elf.dir/Middlewares/ST/threadx/common/src/txe_semaphore_create.c.obj
LOAD CMakeFiles/test.elf.dir/Middlewares/ST/threadx/common/src/txe_semaphore_delete.c.obj
LOAD CMakeFiles/test.elf.dir/Middlewares/ST/threadx/common/src/txe_semaphore_get.c.obj
LOAD CMakeFiles/test.elf.dir/Middlewares/ST/threadx/common/src/txe_semaphore_info_get.c.obj
LOAD CMakeFiles/test.elf.dir/Middlewares/ST/threadx/common/src/txe_semaphore_prioritize.c.obj
LOAD CMakeFiles/test.elf.dir/Middlewares/ST/threadx/common/src/txe_semaphore_put.c.obj
LOAD CMakeFiles/test.elf.dir/Middlewares/ST/threadx/common/src/txe_semaphore_put_notify.c.obj
LOAD CMakeFiles/test.elf.dir/Middlewares/ST/threadx/common/src/txe_thread_create.c.obj
LOAD CMakeFiles/test.elf.dir/Middlewares/ST/threadx/common/src/txe_thread_delete.c.obj
LOAD CMakeFiles/test.elf.dir/Middlewares/ST/threadx/common/src/txe_thread_entry_exit_notify.c.obj
LOAD CMakeFiles/test.elf.dir/Middlewares/ST/threadx/common/src/txe_thread_info_get.c.obj
LOAD CMakeFiles/test.elf.dir/Middlewares/ST/threadx/common/src/txe_thread_preemption_change.c.obj
LOAD CMakeFiles/test.elf.dir/Middlewares/ST/threadx/common/src/txe_thread_priority_change.c.obj
LOAD CMakeFiles/test.elf.dir/Middlewares/ST/threadx/common/src/txe_thread_relinquish.c.obj
LOAD CMakeFiles/test.elf.dir/Middlewares/ST/threadx/common/src/txe_thread_reset.c.obj
LOAD CMakeFiles/test.elf.dir/Middlewares/ST/threadx/common/src/txe_thread_resume.c.obj
LOAD CMakeFiles/test.elf.dir/Middlewares/ST/threadx/common/src/txe_thread_suspend.c.obj
LOAD CMakeFiles/test.elf.dir/Middlewares/ST/threadx/common/src/txe_thread_terminate.c.obj
LOAD CMakeFiles/test.elf.dir/Middlewares/ST/threadx/common/src/txe_thread_time_slice_change.c.obj
LOAD CMakeFiles/test.elf.dir/Middlewares/ST/threadx/common/src/txe_thread_wait_abort.c.obj
LOAD CMakeFiles/test.elf.dir/Middlewares/ST/threadx/common/src/txe_timer_activate.c.obj
LOAD CMakeFiles/test.elf.dir/Middlewares/ST/threadx/common/src/txe_timer_change.c.obj
LOAD CMakeFiles/test.elf.dir/Middlewares/ST/threadx/common/src/txe_timer_create.c.obj
LOAD CMakeFiles/test.elf.dir/Middlewares/ST/threadx/common/src/txe_timer_deactivate.c.obj
LOAD CMakeFiles/test.elf.dir/Middlewares/ST/threadx/common/src/txe_timer_delete.c.obj
LOAD CMakeFiles/test.elf.dir/Middlewares/ST/threadx/common/src/txe_timer_info_get.c.obj
LOAD CMakeFiles/test.elf.dir/Middlewares/ST/threadx/ports/cortex_m4/gnu/src/tx_thread_context_restore.S.obj
LOAD CMakeFiles/test.elf.dir/Middlewares/ST/threadx/ports/cortex_m4/gnu/src/tx_thread_context_save.S.obj
LOAD CMakeFiles/test.elf.dir/Middlewares/ST/threadx/ports/cortex_m4/gnu/src/tx_thread_interrupt_control.S.obj
LOAD CMakeFiles/test.elf.dir/Middlewares/ST/threadx/ports/cortex_m4/gnu/src/tx_thread_schedule.S.obj
LOAD CMakeFiles/test.elf.dir/Middlewares/ST/threadx/ports/cortex_m4/gnu/src/tx_thread_stack_build.S.obj
LOAD CMakeFiles/test.elf.dir/Middlewares/ST/threadx/ports/cortex_m4/gnu/src/tx_thread_system_return.S.obj
LOAD CMakeFiles/test.elf.dir/Middlewares/ST/threadx/ports/cortex_m4/gnu/src/tx_timer_interrupt.S.obj
LOAD CMakeFiles/test.elf.dir/modbus/modbus_master.c.obj
START GROUP
LOAD /Applications/ArmGNUToolchain/13.3.rel1/arm-none-eabi/bin/../lib/gcc/arm-none-eabi/13.3.1/thumb/v7e-m/nofp/libgcc.a
LOAD /Applications/ArmGNUToolchain/13.3.rel1/arm-none-eabi/bin/../lib/gcc/arm-none-eabi/13.3.1/../../../../arm-none-eabi/lib/thumb/v7e-m/nofp/libg.a
LOAD /Applications/ArmGNUToolchain/13.3.rel1/arm-none-eabi/bin/../lib/gcc/arm-none-eabi/13.3.1/../../../../arm-none-eabi/lib/thumb/v7e-m/nofp/libc.a
END GROUP
LOAD /Applications/ArmGNUToolchain/13.3.rel1/arm-none-eabi/bin/../lib/gcc/arm-none-eabi/13.3.1/thumb/v7e-m/nofp/crtend.o
LOAD /Applications/ArmGNUToolchain/13.3.rel1/arm-none-eabi/bin/../lib/gcc/arm-none-eabi/13.3.1/thumb/v7e-m/nofp/crtn.o
                0x20020000                        _estack = (ORIGIN (RAM) + LENGTH (RAM))
                0x00000200                        _Min_Heap_Size = 0x200
                0x00000400                        _Min_Stack_Size = 0x400

.isr_vector     0x08000000      0x198
                0x08000000                        . = ALIGN (0x4)
 *(.isr_vector)
 .isr_vector    0x08000000      0x198 CMakeFiles/test.elf.dir/Core/Startup/startup_stm32f411ceux.s.obj
                0x08000000                g_pfnVectors
                0x08000198                        . = ALIGN (0x4)

.text           0x080001a0     0x3e24
                0x080001a0                        . = ALIGN (0x4)
 *(.text)
 .text          0x080001a0       0x80 CMakeFiles/test.elf.dir/Core/Src/tx_initialize_low_level.s.obj
                0x080001a0                _tx_initialize_low_level
                0x080001e4                __tx_BadHandler
                0x080001e8                __tx_HardfaultHandler
                0x080001ec                __tx_SVCallHandler
                0x080001f0                __tx_IntHandler
                0x080001f8                SysTick_Handler
                0x080001f8                __tx_SysTickHandler
                0x08000204                __tx_NMIHandler
                0x08000208                __tx_DBGHandler
 .text          0x08000220       0xa0 CMakeFiles/test.elf.dir/Middlewares/ST/threadx/ports/cortex_m4/gnu/src/tx_thread_schedule.S.obj
                0x08000220                _tx_thread_schedule
                0x08000240                PendSV_Handler
                0x08000240                __tx_PendSVHandler
 .text          0x080002c0       0x40 CMakeFiles/test.elf.dir/Middlewares/ST/threadx/ports/cortex_m4/gnu/src/tx_thread_stack_build.S.obj
                0x080002c0                _tx_thread_stack_build
 .text          0x08000300       0xb8 CMakeFiles/test.elf.dir/Middlewares/ST/threadx/ports/cortex_m4/gnu/src/tx_timer_interrupt.S.obj
                0x08000300                _tx_timer_interrupt
 .text          0x080003b8       0x30 /Applications/ArmGNUToolchain/13.3.rel1/arm-none-eabi/bin/../lib/gcc/arm-none-eabi/13.3.1/thumb/v7e-m/nofp/libgcc.a(_aeabi_uldivmod.o)
                0x080003b8                __aeabi_uldivmod
 .text          0x080003e8        0x4 /Applications/ArmGNUToolchain/13.3.rel1/arm-none-eabi/bin/../lib/gcc/arm-none-eabi/13.3.1/thumb/v7e-m/nofp/libgcc.a(_dvmd_tls.o)
                0x080003e8                __aeabi_ldiv0
                0x080003e8                __aeabi_idiv0
 *(.text*)
 .text.deregister_tm_clones
                0x080003ec       0x1c /Applications/ArmGNUToolchain/13.3.rel1/arm-none-eabi/bin/../lib/gcc/arm-none-eabi/13.3.1/thumb/v7e-m/nofp/crtbegin.o
 .text.register_tm_clones
                0x08000408       0x24 /Applications/ArmGNUToolchain/13.3.rel1/arm-none-eabi/bin/../lib/gcc/arm-none-eabi/13.3.1/thumb/v7e-m/nofp/crtbegin.o
 .text.__do_global_dtors_aux
                0x0800042c       0x28 /Applications/ArmGNUToolchain/13.3.rel1/arm-none-eabi/bin/../lib/gcc/arm-none-eabi/13.3.1/thumb/v7e-m/nofp/crtbegin.o
 .text.frame_dummy
                0x08000454       0x24 /Applications/ArmGNUToolchain/13.3.rel1/arm-none-eabi/bin/../lib/gcc/arm-none-eabi/13.3.1/thumb/v7e-m/nofp/crtbegin.o
 .text.timeout_timer_callback
                0x08000478       0x14 CMakeFiles/test.elf.dir/AZURE_RTOS/App/app_azure_rtos.c.obj
                0x08000478                timeout_timer_callback
 .text.thread1_entry
                0x0800048c       0xb0 CMakeFiles/test.elf.dir/AZURE_RTOS/App/app_azure_rtos.c.obj
                0x0800048c                thread1_entry
 .text.tx_application_define
                0x0800053c       0x94 CMakeFiles/test.elf.dir/AZURE_RTOS/App/app_azure_rtos.c.obj
                0x0800053c                tx_application_define
 .text.HAL_UART_IdleCpltCallback
                0x080005d0       0x5c CMakeFiles/test.elf.dir/AZURE_RTOS/App/app_azure_rtos.c.obj
                0x080005d0                HAL_UART_IdleCpltCallback
 .text.MX_ThreadX_Init
                0x0800062c        0x8 CMakeFiles/test.elf.dir/Core/Src/app_threadx.c.obj
                0x0800062c                MX_ThreadX_Init
 .text.MX_DMA_Init
                0x08000634       0x44 CMakeFiles/test.elf.dir/Core/Src/dma.c.obj
                0x08000634                MX_DMA_Init
 .text.MX_GPIO_Init
                0x08000678       0x38 CMakeFiles/test.elf.dir/Core/Src/gpio.c.obj
                0x08000678                MX_GPIO_Init
 .text.HAL_TIM_PeriodElapsedCallback
                0x080006b0       0x18 CMakeFiles/test.elf.dir/Core/Src/main.c.obj
                0x080006b0                HAL_TIM_PeriodElapsedCallback
 .text.Error_Handler
                0x080006c8        0x4 CMakeFiles/test.elf.dir/Core/Src/main.c.obj
                0x080006c8                Error_Handler
 .text.SystemClock_Config
                0x080006cc       0xa4 CMakeFiles/test.elf.dir/Core/Src/main.c.obj
                0x080006cc                SystemClock_Config
 .text.main     0x08000770       0x1c CMakeFiles/test.elf.dir/Core/Src/main.c.obj
                0x08000770                main
 .text.HAL_MspInit
                0x0800078c       0x38 CMakeFiles/test.elf.dir/Core/Src/stm32f4xx_hal_msp.c.obj
                0x0800078c                HAL_MspInit
 .text.HAL_InitTick
                0x080007c4       0x94 CMakeFiles/test.elf.dir/Core/Src/stm32f4xx_hal_timebase_tim.c.obj
                0x080007c4                HAL_InitTick
 .text.NMI_Handler
                0x08000858        0x2 CMakeFiles/test.elf.dir/Core/Src/stm32f4xx_it.c.obj
                0x08000858                NMI_Handler
 .text.HardFault_Handler
                0x0800085a        0x2 CMakeFiles/test.elf.dir/Core/Src/stm32f4xx_it.c.obj
                0x0800085a                HardFault_Handler
 .text.MemManage_Handler
                0x0800085c        0x2 CMakeFiles/test.elf.dir/Core/Src/stm32f4xx_it.c.obj
                0x0800085c                MemManage_Handler
 .text.BusFault_Handler
                0x0800085e        0x2 CMakeFiles/test.elf.dir/Core/Src/stm32f4xx_it.c.obj
                0x0800085e                BusFault_Handler
 .text.UsageFault_Handler
                0x08000860        0x2 CMakeFiles/test.elf.dir/Core/Src/stm32f4xx_it.c.obj
                0x08000860                UsageFault_Handler
 .text.DebugMon_Handler
                0x08000862        0x2 CMakeFiles/test.elf.dir/Core/Src/stm32f4xx_it.c.obj
                0x08000862                DebugMon_Handler
 .text.TIM1_TRG_COM_TIM11_IRQHandler
                0x08000864       0x10 CMakeFiles/test.elf.dir/Core/Src/stm32f4xx_it.c.obj
                0x08000864                TIM1_TRG_COM_TIM11_IRQHandler
 .text.USART1_IRQHandler
                0x08000874       0x34 CMakeFiles/test.elf.dir/Core/Src/stm32f4xx_it.c.obj
                0x08000874                USART1_IRQHandler
 .text.DMA2_Stream2_IRQHandler
                0x080008a8       0x10 CMakeFiles/test.elf.dir/Core/Src/stm32f4xx_it.c.obj
                0x080008a8                DMA2_Stream2_IRQHandler
 .text.DMA2_Stream7_IRQHandler
                0x080008b8       0x10 CMakeFiles/test.elf.dir/Core/Src/stm32f4xx_it.c.obj
                0x080008b8                DMA2_Stream7_IRQHandler
 .text.SystemInit
                0x080008c8        0x2 CMakeFiles/test.elf.dir/Core/Src/system_stm32f4xx.c.obj
                0x080008c8                SystemInit
 *fill*         0x080008ca        0x2 
 .text.MX_USART1_UART_Init
                0x080008cc       0x40 CMakeFiles/test.elf.dir/Core/Src/usart.c.obj
                0x080008cc                MX_USART1_UART_Init
 .text.HAL_UART_MspInit
                0x0800090c       0xfc CMakeFiles/test.elf.dir/Core/Src/usart.c.obj
                0x0800090c                HAL_UART_MspInit
 .text.Reset_Handler
                0x08000a08       0x50 CMakeFiles/test.elf.dir/Core/Startup/startup_stm32f411ceux.s.obj
                0x08000a08                Reset_Handler
 .text.Default_Handler
                0x08000a58        0x2 CMakeFiles/test.elf.dir/Core/Startup/startup_stm32f411ceux.s.obj
                0x08000a58                DMA1_Stream3_IRQHandler
                0x08000a58                EXTI2_IRQHandler
                0x08000a58                SPI4_IRQHandler
                0x08000a58                TIM1_CC_IRQHandler
                0x08000a58                DMA2_Stream5_IRQHandler
                0x08000a58                DMA1_Stream5_IRQHandler
                0x08000a58                PVD_IRQHandler
                0x08000a58                SDIO_IRQHandler
                0x08000a58                TAMP_STAMP_IRQHandler
                0x08000a58                EXTI3_IRQHandler
                0x08000a58                TIM1_UP_TIM10_IRQHandler
                0x08000a58                I2C3_ER_IRQHandler
                0x08000a58                EXTI0_IRQHandler
                0x08000a58                I2C2_EV_IRQHandler
                0x08000a58                DMA1_Stream2_IRQHandler
                0x08000a58                FPU_IRQHandler
                0x08000a58                SPI1_IRQHandler
                0x08000a58                TIM1_BRK_TIM9_IRQHandler
                0x08000a58                DMA2_Stream3_IRQHandler
                0x08000a58                USART6_IRQHandler
                0x08000a58                DMA2_Stream0_IRQHandler
                0x08000a58                TIM4_IRQHandler
                0x08000a58                I2C1_EV_IRQHandler
                0x08000a58                DMA1_Stream6_IRQHandler
                0x08000a58                DMA1_Stream1_IRQHandler
                0x08000a58                TIM3_IRQHandler
                0x08000a58                RCC_IRQHandler
                0x08000a58                Default_Handler
                0x08000a58                EXTI15_10_IRQHandler
                0x08000a58                ADC_IRQHandler
                0x08000a58                DMA1_Stream7_IRQHandler
                0x08000a58                SPI5_IRQHandler
                0x08000a58                TIM5_IRQHandler
                0x08000a58                I2C3_EV_IRQHandler
                0x08000a58                EXTI9_5_IRQHandler
                0x08000a58                RTC_WKUP_IRQHandler
                0x08000a58                SPI2_IRQHandler
                0x08000a58                DMA1_Stream0_IRQHandler
                0x08000a58                SVC_Handler
                0x08000a58                EXTI4_IRQHandler
                0x08000a58                WWDG_IRQHandler
                0x08000a58                TIM2_IRQHandler
                0x08000a58                OTG_FS_WKUP_IRQHandler
                0x08000a58                EXTI1_IRQHandler
                0x08000a58                USART2_IRQHandler
                0x08000a58                I2C2_ER_IRQHandler
                0x08000a58                DMA2_Stream1_IRQHandler
                0x08000a58                FLASH_IRQHandler
                0x08000a58                DMA2_Stream4_IRQHandler
                0x08000a58                OTG_FS_IRQHandler
                0x08000a58                SPI3_IRQHandler
                0x08000a58                DMA1_Stream4_IRQHandler
                0x08000a58                I2C1_ER_IRQHandler
                0x08000a58                DMA2_Stream6_IRQHandler
                0x08000a58                RTC_Alarm_IRQHandler
 *fill*         0x08000a5a        0x2 
 .text.HAL_Init
                0x08000a5c       0x34 CMakeFiles/test.elf.dir/Drivers/STM32F4xx_HAL_Driver/Src/stm32f4xx_hal.c.obj
                0x08000a5c                HAL_Init
 .text.HAL_IncTick
                0x08000a90       0x18 CMakeFiles/test.elf.dir/Drivers/STM32F4xx_HAL_Driver/Src/stm32f4xx_hal.c.obj
                0x08000a90                HAL_IncTick
 .text.HAL_GetTick
                0x08000aa8        0xc CMakeFiles/test.elf.dir/Drivers/STM32F4xx_HAL_Driver/Src/stm32f4xx_hal.c.obj
                0x08000aa8                HAL_GetTick
 .text.__NVIC_EnableIRQ
                0x08000ab4       0x1c CMakeFiles/test.elf.dir/Drivers/STM32F4xx_HAL_Driver/Src/stm32f4xx_hal_cortex.c.obj
 .text.__NVIC_SetPriority
                0x08000ad0       0x28 CMakeFiles/test.elf.dir/Drivers/STM32F4xx_HAL_Driver/Src/stm32f4xx_hal_cortex.c.obj
 .text.NVIC_EncodePriority
                0x08000af8       0x3e CMakeFiles/test.elf.dir/Drivers/STM32F4xx_HAL_Driver/Src/stm32f4xx_hal_cortex.c.obj
 *fill*         0x08000b36        0x2 
 .text.HAL_NVIC_SetPriorityGrouping
                0x08000b38       0x24 CMakeFiles/test.elf.dir/Drivers/STM32F4xx_HAL_Driver/Src/stm32f4xx_hal_cortex.c.obj
                0x08000b38                HAL_NVIC_SetPriorityGrouping
 .text.HAL_NVIC_SetPriority
                0x08000b5c       0x20 CMakeFiles/test.elf.dir/Drivers/STM32F4xx_HAL_Driver/Src/stm32f4xx_hal_cortex.c.obj
                0x08000b5c                HAL_NVIC_SetPriority
 .text.HAL_NVIC_EnableIRQ
                0x08000b7c        0x8 CMakeFiles/test.elf.dir/Drivers/STM32F4xx_HAL_Driver/Src/stm32f4xx_hal_cortex.c.obj
                0x08000b7c                HAL_NVIC_EnableIRQ
 .text.DMA_SetConfig
                0x08000b84       0x2c CMakeFiles/test.elf.dir/Drivers/STM32F4xx_HAL_Driver/Src/stm32f4xx_hal_dma.c.obj
 .text.DMA_CalcBaseAndBitshift
                0x08000bb0       0x38 CMakeFiles/test.elf.dir/Drivers/STM32F4xx_HAL_Driver/Src/stm32f4xx_hal_dma.c.obj
 .text.DMA_CheckFifoParam
                0x08000be8       0x8e CMakeFiles/test.elf.dir/Drivers/STM32F4xx_HAL_Driver/Src/stm32f4xx_hal_dma.c.obj
 *fill*         0x08000c76        0x2 
 .text.HAL_DMA_Init
                0x08000c78       0xcc CMakeFiles/test.elf.dir/Drivers/STM32F4xx_HAL_Driver/Src/stm32f4xx_hal_dma.c.obj
                0x08000c78                HAL_DMA_Init
 .text.HAL_DMA_Start_IT
                0x08000d44       0x6a CMakeFiles/test.elf.dir/Drivers/STM32F4xx_HAL_Driver/Src/stm32f4xx_hal_dma.c.obj
                0x08000d44                HAL_DMA_Start_IT
 .text.HAL_DMA_Abort
                0x08000dae       0x94 CMakeFiles/test.elf.dir/Drivers/STM32F4xx_HAL_Driver/Src/stm32f4xx_hal_dma.c.obj
                0x08000dae                HAL_DMA_Abort
 .text.HAL_DMA_Abort_IT
                0x08000e42       0x26 CMakeFiles/test.elf.dir/Drivers/STM32F4xx_HAL_Driver/Src/stm32f4xx_hal_dma.c.obj
                0x08000e42                HAL_DMA_Abort_IT
 .text.HAL_DMA_IRQHandler
                0x08000e68      0x1dc CMakeFiles/test.elf.dir/Drivers/STM32F4xx_HAL_Driver/Src/stm32f4xx_hal_dma.c.obj
                0x08000e68                HAL_DMA_IRQHandler
 .text.HAL_GPIO_Init
                0x08001044      0x1d0 CMakeFiles/test.elf.dir/Drivers/STM32F4xx_HAL_Driver/Src/stm32f4xx_hal_gpio.c.obj
                0x08001044                HAL_GPIO_Init
 .text.HAL_RCC_OscConfig
                0x08001214      0x3f8 CMakeFiles/test.elf.dir/Drivers/STM32F4xx_HAL_Driver/Src/stm32f4xx_hal_rcc.c.obj
                0x08001214                HAL_RCC_OscConfig
 .text.HAL_RCC_GetSysClockFreq
                0x0800160c       0xa8 CMakeFiles/test.elf.dir/Drivers/STM32F4xx_HAL_Driver/Src/stm32f4xx_hal_rcc.c.obj
                0x0800160c                HAL_RCC_GetSysClockFreq
 .text.HAL_RCC_ClockConfig
                0x080016b4      0x160 CMakeFiles/test.elf.dir/Drivers/STM32F4xx_HAL_Driver/Src/stm32f4xx_hal_rcc.c.obj
                0x080016b4                HAL_RCC_ClockConfig
 .text.HAL_RCC_GetHCLKFreq
                0x08001814        0xc CMakeFiles/test.elf.dir/Drivers/STM32F4xx_HAL_Driver/Src/stm32f4xx_hal_rcc.c.obj
                0x08001814                HAL_RCC_GetHCLKFreq
 .text.HAL_RCC_GetPCLK1Freq
                0x08001820       0x20 CMakeFiles/test.elf.dir/Drivers/STM32F4xx_HAL_Driver/Src/stm32f4xx_hal_rcc.c.obj
                0x08001820                HAL_RCC_GetPCLK1Freq
 .text.HAL_RCC_GetPCLK2Freq
                0x08001840       0x20 CMakeFiles/test.elf.dir/Drivers/STM32F4xx_HAL_Driver/Src/stm32f4xx_hal_rcc.c.obj
                0x08001840                HAL_RCC_GetPCLK2Freq
 .text.HAL_RCC_GetClockConfig
                0x08001860       0x3c CMakeFiles/test.elf.dir/Drivers/STM32F4xx_HAL_Driver/Src/stm32f4xx_hal_rcc.c.obj
                0x08001860                HAL_RCC_GetClockConfig
 .text.HAL_TIM_Base_MspInit
                0x0800189c        0x2 CMakeFiles/test.elf.dir/Drivers/STM32F4xx_HAL_Driver/Src/stm32f4xx_hal_tim.c.obj
                0x0800189c                HAL_TIM_Base_MspInit
 *fill*         0x0800189e        0x2 
 .text.HAL_TIM_Base_Start_IT
                0x080018a0       0x78 CMakeFiles/test.elf.dir/Drivers/STM32F4xx_HAL_Driver/Src/stm32f4xx_hal_tim.c.obj
                0x080018a0                HAL_TIM_Base_Start_IT
 .text.HAL_TIM_OC_DelayElapsedCallback
                0x08001918        0x2 CMakeFiles/test.elf.dir/Drivers/STM32F4xx_HAL_Driver/Src/stm32f4xx_hal_tim.c.obj
                0x08001918                HAL_TIM_OC_DelayElapsedCallback
 .text.HAL_TIM_IC_CaptureCallback
                0x0800191a        0x2 CMakeFiles/test.elf.dir/Drivers/STM32F4xx_HAL_Driver/Src/stm32f4xx_hal_tim.c.obj
                0x0800191a                HAL_TIM_IC_CaptureCallback
 .text.HAL_TIM_PWM_PulseFinishedCallback
                0x0800191c        0x2 CMakeFiles/test.elf.dir/Drivers/STM32F4xx_HAL_Driver/Src/stm32f4xx_hal_tim.c.obj
                0x0800191c                HAL_TIM_PWM_PulseFinishedCallback
 .text.HAL_TIM_TriggerCallback
                0x0800191e        0x2 CMakeFiles/test.elf.dir/Drivers/STM32F4xx_HAL_Driver/Src/stm32f4xx_hal_tim.c.obj
                0x0800191e                HAL_TIM_TriggerCallback
 .text.HAL_TIM_IRQHandler
                0x08001920      0x15e CMakeFiles/test.elf.dir/Drivers/STM32F4xx_HAL_Driver/Src/stm32f4xx_hal_tim.c.obj
                0x08001920                HAL_TIM_IRQHandler
 *fill*         0x08001a7e        0x2 
 .text.TIM_Base_SetConfig
                0x08001a80       0xac CMakeFiles/test.elf.dir/Drivers/STM32F4xx_HAL_Driver/Src/stm32f4xx_hal_tim.c.obj
                0x08001a80                TIM_Base_SetConfig
 .text.HAL_TIM_Base_Init
                0x08001b2c       0x58 CMakeFiles/test.elf.dir/Drivers/STM32F4xx_HAL_Driver/Src/stm32f4xx_hal_tim.c.obj
                0x08001b2c                HAL_TIM_Base_Init
 .text.HAL_TIMEx_CommutCallback
                0x08001b84        0x2 CMakeFiles/test.elf.dir/Drivers/STM32F4xx_HAL_Driver/Src/stm32f4xx_hal_tim_ex.c.obj
                0x08001b84                HAL_TIMEx_CommutCallback
 .text.HAL_TIMEx_BreakCallback
                0x08001b86        0x2 CMakeFiles/test.elf.dir/Drivers/STM32F4xx_HAL_Driver/Src/stm32f4xx_hal_tim_ex.c.obj
                0x08001b86                HAL_TIMEx_BreakCallback
 .text.UART_EndTxTransfer
                0x08001b88       0x20 CMakeFiles/test.elf.dir/Drivers/STM32F4xx_HAL_Driver/Src/stm32f4xx_hal_uart.c.obj
 .text.UART_EndRxTransfer
                0x08001ba8       0x5c CMakeFiles/test.elf.dir/Drivers/STM32F4xx_HAL_Driver/Src/stm32f4xx_hal_uart.c.obj
 .text.UART_Transmit_IT
                0x08001c04       0x60 CMakeFiles/test.elf.dir/Drivers/STM32F4xx_HAL_Driver/Src/stm32f4xx_hal_uart.c.obj
 .text.UART_SetConfig
                0x08001c64      0x110 CMakeFiles/test.elf.dir/Drivers/STM32F4xx_HAL_Driver/Src/stm32f4xx_hal_uart.c.obj
 .text.UART_WaitOnFlagUntilTimeout
                0x08001d74       0x86 CMakeFiles/test.elf.dir/Drivers/STM32F4xx_HAL_Driver/Src/stm32f4xx_hal_uart.c.obj
 .text.HAL_UART_Init
                0x08001dfa       0x60 CMakeFiles/test.elf.dir/Drivers/STM32F4xx_HAL_Driver/Src/stm32f4xx_hal_uart.c.obj
                0x08001dfa                HAL_UART_Init
 .text.HAL_UART_Transmit
                0x08001e5a       0xcc CMakeFiles/test.elf.dir/Drivers/STM32F4xx_HAL_Driver/Src/stm32f4xx_hal_uart.c.obj
                0x08001e5a                HAL_UART_Transmit
 .text.HAL_UART_DMAStop
                0x08001f26       0x84 CMakeFiles/test.elf.dir/Drivers/STM32F4xx_HAL_Driver/Src/stm32f4xx_hal_uart.c.obj
                0x08001f26                HAL_UART_DMAStop
 .text.HAL_UART_TxCpltCallback
                0x08001faa        0x2 CMakeFiles/test.elf.dir/Drivers/STM32F4xx_HAL_Driver/Src/stm32f4xx_hal_uart.c.obj
                0x08001faa                HAL_UART_TxCpltCallback
 .text.UART_EndTransmit_IT
                0x08001fac       0x1a CMakeFiles/test.elf.dir/Drivers/STM32F4xx_HAL_Driver/Src/stm32f4xx_hal_uart.c.obj
 .text.HAL_UART_RxCpltCallback
                0x08001fc6        0x2 CMakeFiles/test.elf.dir/Drivers/STM32F4xx_HAL_Driver/Src/stm32f4xx_hal_uart.c.obj
                0x08001fc6                HAL_UART_RxCpltCallback
 .text.HAL_UART_RxHalfCpltCallback
                0x08001fc8        0x2 CMakeFiles/test.elf.dir/Drivers/STM32F4xx_HAL_Driver/Src/stm32f4xx_hal_uart.c.obj
                0x08001fc8                HAL_UART_RxHalfCpltCallback
 .text.HAL_UART_ErrorCallback
                0x08001fca        0x2 CMakeFiles/test.elf.dir/Drivers/STM32F4xx_HAL_Driver/Src/stm32f4xx_hal_uart.c.obj
                0x08001fca                HAL_UART_ErrorCallback
 .text.UART_DMAError
                0x08001fcc       0x58 CMakeFiles/test.elf.dir/Drivers/STM32F4xx_HAL_Driver/Src/stm32f4xx_hal_uart.c.obj
 .text.UART_DMAAbortOnError
                0x08002024       0x10 CMakeFiles/test.elf.dir/Drivers/STM32F4xx_HAL_Driver/Src/stm32f4xx_hal_uart.c.obj
 .text.HAL_UARTEx_RxEventCallback
                0x08002034        0x2 CMakeFiles/test.elf.dir/Drivers/STM32F4xx_HAL_Driver/Src/stm32f4xx_hal_uart.c.obj
                0x08002034                HAL_UARTEx_RxEventCallback
 .text.UART_Receive_IT
                0x08002036       0xe6 CMakeFiles/test.elf.dir/Drivers/STM32F4xx_HAL_Driver/Src/stm32f4xx_hal_uart.c.obj
 .text.HAL_UART_IRQHandler
                0x0800211c      0x284 CMakeFiles/test.elf.dir/Drivers/STM32F4xx_HAL_Driver/Src/stm32f4xx_hal_uart.c.obj
                0x0800211c                HAL_UART_IRQHandler
 .text.UART_DMARxHalfCplt
                0x080023a0       0x1e CMakeFiles/test.elf.dir/Drivers/STM32F4xx_HAL_Driver/Src/stm32f4xx_hal_uart.c.obj
 .text.UART_DMAReceiveCplt
                0x080023be       0x9a CMakeFiles/test.elf.dir/Drivers/STM32F4xx_HAL_Driver/Src/stm32f4xx_hal_uart.c.obj
 .text.UART_Start_Receive_DMA
                0x08002458       0xa4 CMakeFiles/test.elf.dir/Drivers/STM32F4xx_HAL_Driver/Src/stm32f4xx_hal_uart.c.obj
                0x08002458                UART_Start_Receive_DMA
 .text.HAL_UART_Receive_DMA
                0x080024fc       0x26 CMakeFiles/test.elf.dir/Drivers/STM32F4xx_HAL_Driver/Src/stm32f4xx_hal_uart.c.obj
                0x080024fc                HAL_UART_Receive_DMA
 *fill*         0x08002522        0x2 
 .text._tx_byte_pool_create
                0x08002524       0x88 CMakeFiles/test.elf.dir/Middlewares/ST/threadx/common/src/tx_byte_pool_create.c.obj
                0x08002524                _tx_byte_pool_create
 .text._tx_event_flags_cleanup
                0x080025ac       0x88 CMakeFiles/test.elf.dir/Middlewares/ST/threadx/common/src/tx_event_flags_cleanup.c.obj
                0x080025ac                _tx_event_flags_cleanup
 .text._tx_event_flags_create
                0x08002634       0x54 CMakeFiles/test.elf.dir/Middlewares/ST/threadx/common/src/tx_event_flags_create.c.obj
                0x08002634                _tx_event_flags_create
 .text._tx_event_flags_get
                0x08002688       0xe0 CMakeFiles/test.elf.dir/Middlewares/ST/threadx/common/src/tx_event_flags_get.c.obj
                0x08002688                _tx_event_flags_get
 .text._tx_event_flags_set
                0x08002768      0x220 CMakeFiles/test.elf.dir/Middlewares/ST/threadx/common/src/tx_event_flags_set.c.obj
                0x08002768                _tx_event_flags_set
 .text._tx_initialize_high_level
                0x08002988       0x70 CMakeFiles/test.elf.dir/Middlewares/ST/threadx/common/src/tx_initialize_high_level.c.obj
                0x08002988                _tx_initialize_high_level
 .text._tx_initialize_kernel_enter
                0x080029f8       0x4c CMakeFiles/test.elf.dir/Middlewares/ST/threadx/common/src/tx_initialize_kernel_enter.c.obj
                0x080029f8                _tx_initialize_kernel_enter
 .text._tx_thread_create
                0x08002a44      0x134 CMakeFiles/test.elf.dir/Middlewares/ST/threadx/common/src/tx_thread_create.c.obj
                0x08002a44                _tx_thread_create
 .text._tx_thread_initialize
                0x08002b78       0x64 CMakeFiles/test.elf.dir/Middlewares/ST/threadx/common/src/tx_thread_initialize.c.obj
                0x08002b78                _tx_thread_initialize
 .text._tx_thread_shell_entry
                0x08002bdc       0x48 CMakeFiles/test.elf.dir/Middlewares/ST/threadx/common/src/tx_thread_shell_entry.c.obj
                0x08002bdc                _tx_thread_shell_entry
 .text._tx_thread_system_preempt_check
                0x08002c24       0x3c CMakeFiles/test.elf.dir/Middlewares/ST/threadx/common/src/tx_thread_system_preempt_check.c.obj
                0x08002c24                _tx_thread_system_preempt_check
 .text._tx_thread_system_resume
                0x08002c60      0x120 CMakeFiles/test.elf.dir/Middlewares/ST/threadx/common/src/tx_thread_system_resume.c.obj
                0x08002c60                _tx_thread_system_resume
 .text._tx_thread_system_suspend
                0x08002d80      0x14c CMakeFiles/test.elf.dir/Middlewares/ST/threadx/common/src/tx_thread_system_suspend.c.obj
                0x08002d80                _tx_thread_system_suspend
 .text._tx_thread_time_slice
                0x08002ecc       0x60 CMakeFiles/test.elf.dir/Middlewares/ST/threadx/common/src/tx_thread_time_slice.c.obj
                0x08002ecc                _tx_thread_time_slice
 .text._tx_thread_timeout
                0x08002f2c       0x34 CMakeFiles/test.elf.dir/Middlewares/ST/threadx/common/src/tx_thread_timeout.c.obj
                0x08002f2c                _tx_thread_timeout
 .text._tx_timer_activate
                0x08002f60       0x26 CMakeFiles/test.elf.dir/Middlewares/ST/threadx/common/src/tx_timer_activate.c.obj
                0x08002f60                _tx_timer_activate
 .text._tx_timer_change
                0x08002f86       0x1c CMakeFiles/test.elf.dir/Middlewares/ST/threadx/common/src/tx_timer_change.c.obj
                0x08002f86                _tx_timer_change
 *fill*         0x08002fa2        0x2 
 .text._tx_timer_create
                0x08002fa4       0x74 CMakeFiles/test.elf.dir/Middlewares/ST/threadx/common/src/tx_timer_create.c.obj
                0x08002fa4                _tx_timer_create
 .text._tx_timer_deactivate
                0x08003018       0xb8 CMakeFiles/test.elf.dir/Middlewares/ST/threadx/common/src/tx_timer_deactivate.c.obj
                0x08003018                _tx_timer_deactivate
 .text._tx_timer_expiration_process
                0x080030d0       0x24 CMakeFiles/test.elf.dir/Middlewares/ST/threadx/common/src/tx_timer_expiration_process.c.obj
                0x080030d0                _tx_timer_expiration_process
 .text._tx_timer_initialize
                0x080030f4       0xd0 CMakeFiles/test.elf.dir/Middlewares/ST/threadx/common/src/tx_timer_initialize.c.obj
                0x080030f4                _tx_timer_initialize
 .text._tx_timer_system_activate
                0x080031c4       0x58 CMakeFiles/test.elf.dir/Middlewares/ST/threadx/common/src/tx_timer_system_activate.c.obj
                0x080031c4                _tx_timer_system_activate
 .text._tx_timer_system_deactivate
                0x0800321c       0x2e CMakeFiles/test.elf.dir/Middlewares/ST/threadx/common/src/tx_timer_system_deactivate.c.obj
                0x0800321c                _tx_timer_system_deactivate
 *fill*         0x0800324a        0x2 
 .text._tx_timer_thread_entry
                0x0800324c      0x120 CMakeFiles/test.elf.dir/Middlewares/ST/threadx/common/src/tx_timer_thread_entry.c.obj
                0x0800324c                _tx_timer_thread_entry
 .text._txe_byte_pool_create
                0x0800336c       0xd4 CMakeFiles/test.elf.dir/Middlewares/ST/threadx/common/src/txe_byte_pool_create.c.obj
                0x0800336c                _txe_byte_pool_create
 .text._txe_event_flags_create
                0x08003440       0xb4 CMakeFiles/test.elf.dir/Middlewares/ST/threadx/common/src/txe_event_flags_create.c.obj
                0x08003440                _txe_event_flags_create
 .text._txe_event_flags_get
                0x080034f4       0x70 CMakeFiles/test.elf.dir/Middlewares/ST/threadx/common/src/txe_event_flags_get.c.obj
                0x080034f4                _txe_event_flags_get
 .text._txe_event_flags_set
                0x08003564       0x30 CMakeFiles/test.elf.dir/Middlewares/ST/threadx/common/src/txe_event_flags_set.c.obj
                0x08003564                _txe_event_flags_set
 .text._txe_thread_create
                0x08003594      0x144 CMakeFiles/test.elf.dir/Middlewares/ST/threadx/common/src/txe_thread_create.c.obj
                0x08003594                _txe_thread_create
 .text._txe_timer_activate
                0x080036d8       0x20 CMakeFiles/test.elf.dir/Middlewares/ST/threadx/common/src/txe_timer_activate.c.obj
                0x080036d8                _txe_timer_activate
 .text._txe_timer_change
                0x080036f8       0x44 CMakeFiles/test.elf.dir/Middlewares/ST/threadx/common/src/txe_timer_change.c.obj
                0x080036f8                _txe_timer_change
 .text._txe_timer_create
                0x0800373c       0xe4 CMakeFiles/test.elf.dir/Middlewares/ST/threadx/common/src/txe_timer_create.c.obj
                0x0800373c                _txe_timer_create
 .text._txe_timer_deactivate
                0x08003820       0x20 CMakeFiles/test.elf.dir/Middlewares/ST/threadx/common/src/txe_timer_deactivate.c.obj
                0x08003820                _txe_timer_deactivate
 .text.CRC16    0x08003840       0x34 CMakeFiles/test.elf.dir/modbus/modbus_master.c.obj
 .text.MODH_SendCommand
                0x08003874      0x138 CMakeFiles/test.elf.dir/modbus/modbus_master.c.obj
                0x08003874                MODH_SendCommand
 .text.process_coils
                0x080039ac       0x54 CMakeFiles/test.elf.dir/modbus/modbus_master.c.obj
                0x080039ac                process_coils
 .text.process_discrete_inputs
                0x08003a00       0x54 CMakeFiles/test.elf.dir/modbus/modbus_master.c.obj
                0x08003a00                process_discrete_inputs
 .text.process_holding_registers
                0x08003a54       0x54 CMakeFiles/test.elf.dir/modbus/modbus_master.c.obj
                0x08003a54                process_holding_registers
 .text.process_input_registers
                0x08003aa8       0x54 CMakeFiles/test.elf.dir/modbus/modbus_master.c.obj
                0x08003aa8                process_input_registers
 .text.process_modbus_message
                0x08003afc       0x30 CMakeFiles/test.elf.dir/modbus/modbus_master.c.obj
                0x08003afc                process_modbus_message
 .text.__udivmoddi4
                0x08003b2c      0x2bc /Applications/ArmGNUToolchain/13.3.rel1/arm-none-eabi/bin/../lib/gcc/arm-none-eabi/13.3.1/thumb/v7e-m/nofp/libgcc.a(_udivmoddi4.o)
                0x08003b2c                __udivmoddi4
 .text.memset   0x08003de8       0xa4 /Applications/ArmGNUToolchain/13.3.rel1/arm-none-eabi/bin/../lib/gcc/arm-none-eabi/13.3.1/../../../../arm-none-eabi/lib/thumb/v7e-m/nofp/libg.a(libc_a-memset.o)
                0x08003de8                memset
 .text.__libc_init_array
                0x08003e8c       0x50 /Applications/ArmGNUToolchain/13.3.rel1/arm-none-eabi/bin/../lib/gcc/arm-none-eabi/13.3.1/../../../../arm-none-eabi/lib/thumb/v7e-m/nofp/libg.a(libc_a-init.o)
                0x08003e8c                __libc_init_array
 .text.__retarget_lock_acquire_recursive
                0x08003edc        0x4 /Applications/ArmGNUToolchain/13.3.rel1/arm-none-eabi/bin/../lib/gcc/arm-none-eabi/13.3.1/../../../../arm-none-eabi/lib/thumb/v7e-m/nofp/libg.a(libc_a-lock.o)
                0x08003edc                __retarget_lock_acquire_recursive
 .text.__retarget_lock_release_recursive
                0x08003ee0        0x4 /Applications/ArmGNUToolchain/13.3.rel1/arm-none-eabi/bin/../lib/gcc/arm-none-eabi/13.3.1/../../../../arm-none-eabi/lib/thumb/v7e-m/nofp/libg.a(libc_a-lock.o)
                0x08003ee0                __retarget_lock_release_recursive
 .text.startup.register_fini
                0x08003ee4       0x14 /Applications/ArmGNUToolchain/13.3.rel1/arm-none-eabi/bin/../lib/gcc/arm-none-eabi/13.3.1/../../../../arm-none-eabi/lib/thumb/v7e-m/nofp/libg.a(libc_a-__call_atexit.o)
 .text.atexit   0x08003ef8        0xc /Applications/ArmGNUToolchain/13.3.rel1/arm-none-eabi/bin/../lib/gcc/arm-none-eabi/13.3.1/../../../../arm-none-eabi/lib/thumb/v7e-m/nofp/libg.a(libc_a-atexit.o)
                0x08003ef8                atexit
 .text.__libc_fini_array
                0x08003f04       0x28 /Applications/ArmGNUToolchain/13.3.rel1/arm-none-eabi/bin/../lib/gcc/arm-none-eabi/13.3.1/../../../../arm-none-eabi/lib/thumb/v7e-m/nofp/libg.a(libc_a-fini.o)
                0x08003f04                __libc_fini_array
 .text.__register_exitproc
                0x08003f2c       0x80 /Applications/ArmGNUToolchain/13.3.rel1/arm-none-eabi/bin/../lib/gcc/arm-none-eabi/13.3.1/../../../../arm-none-eabi/lib/thumb/v7e-m/nofp/libg.a(libc_a-__atexit.o)
                0x08003f2c                __register_exitproc
 *(.glue_7)
 .glue_7        0x08003fac        0x0 linker stubs
 *(.glue_7t)
 .glue_7t       0x08003fac        0x0 linker stubs
 *(.eh_frame)
 .eh_frame      0x08003fac        0x0 /Applications/ArmGNUToolchain/13.3.rel1/arm-none-eabi/bin/../lib/gcc/arm-none-eabi/13.3.1/thumb/v7e-m/nofp/crtbegin.o
 *(.init)
 .init          0x08003fac        0x4 /Applications/ArmGNUToolchain/13.3.rel1/arm-none-eabi/bin/../lib/gcc/arm-none-eabi/13.3.1/thumb/v7e-m/nofp/crti.o
                0x08003fac                _init
 .init          0x08003fb0        0x8 /Applications/ArmGNUToolchain/13.3.rel1/arm-none-eabi/bin/../lib/gcc/arm-none-eabi/13.3.1/thumb/v7e-m/nofp/crtn.o
 *(.fini)
 .fini          0x08003fb8        0x4 /Applications/ArmGNUToolchain/13.3.rel1/arm-none-eabi/bin/../lib/gcc/arm-none-eabi/13.3.1/thumb/v7e-m/nofp/crti.o
                0x08003fb8                _fini
 .fini          0x08003fbc        0x8 /Applications/ArmGNUToolchain/13.3.rel1/arm-none-eabi/bin/../lib/gcc/arm-none-eabi/13.3.1/thumb/v7e-m/nofp/crtn.o
                0x08003fc4                        . = ALIGN (0x4)
                0x08003fc4                        _etext = .

.vfp11_veneer   0x08003fc4        0x0
 .vfp11_veneer  0x08003fc4        0x0 linker stubs

.v4_bx          0x08003fc4        0x0
 .v4_bx         0x08003fc4        0x0 linker stubs

.iplt           0x08003fc4        0x0
 .iplt          0x08003fc4        0x0 /Applications/ArmGNUToolchain/13.3.rel1/arm-none-eabi/bin/../lib/gcc/arm-none-eabi/13.3.1/thumb/v7e-m/nofp/crtbegin.o

.rodata         0x08003fc4       0xac
                0x08003fc4                        . = ALIGN (0x4)
 *(.rodata)
 *(.rodata*)
 .rodata.tx_application_define.str1.4
                0x08003fc4       0x5c CMakeFiles/test.elf.dir/AZURE_RTOS/App/app_azure_rtos.c.obj
                                 0x41 (size before relaxing)
 .rodata.commands
                0x08004020       0x30 CMakeFiles/test.elf.dir/AZURE_RTOS/App/app_azure_rtos.c.obj
 .rodata.APBPrescTable
                0x08004050        0x8 CMakeFiles/test.elf.dir/Core/Src/system_stm32f4xx.c.obj
                0x08004050                APBPrescTable
 .rodata.AHBPrescTable
                0x08004058       0x10 CMakeFiles/test.elf.dir/Core/Src/system_stm32f4xx.c.obj
                0x08004058                AHBPrescTable
 .rodata.flagBitshiftOffset.0
                0x08004068        0x8 CMakeFiles/test.elf.dir/Drivers/STM32F4xx_HAL_Driver/Src/stm32f4xx_hal_dma.c.obj
 .rodata._tx_timer_initialize.str1.4
                0x08004070       0x14 CMakeFiles/test.elf.dir/Middlewares/ST/threadx/common/src/tx_timer_initialize.c.obj
                0x08004084                        . = ALIGN (0x4)

.ARM.extab      0x08004070        0x0
                0x08004070                        . = ALIGN (0x4)
 *(.ARM.extab* .gnu.linkonce.armextab.*)
                0x08004070                        . = ALIGN (0x4)

.ARM            0x08004070        0x8
                0x08004070                        . = ALIGN (0x4)
                0x08004070                        __exidx_start = .
 *(.ARM.exidx*)
 .ARM.exidx.text.__udivmoddi4
                0x08004070        0x8 /Applications/ArmGNUToolchain/13.3.rel1/arm-none-eabi/bin/../lib/gcc/arm-none-eabi/13.3.1/thumb/v7e-m/nofp/libgcc.a(_udivmoddi4.o)
                0x08004078                        __exidx_end = .
                0x08004078                        . = ALIGN (0x4)

.preinit_array  0x08004078        0x0
                0x08004078                        . = ALIGN (0x4)
                0x08004078                        PROVIDE (__preinit_array_start = .)
 *(.preinit_array*)
                0x08004078                        PROVIDE (__preinit_array_end = .)
                0x08004078                        . = ALIGN (0x4)

.init_array     0x08004078        0x8
                0x08004078                        . = ALIGN (0x4)
                0x08004078                        PROVIDE (__init_array_start = .)
 *(SORT_BY_NAME(.init_array.*))
 .init_array.00000
                0x08004078        0x4 /Applications/ArmGNUToolchain/13.3.rel1/arm-none-eabi/bin/../lib/gcc/arm-none-eabi/13.3.1/../../../../arm-none-eabi/lib/thumb/v7e-m/nofp/libg.a(libc_a-__call_atexit.o)
 *(.init_array*)
 .init_array    0x0800407c        0x4 /Applications/ArmGNUToolchain/13.3.rel1/arm-none-eabi/bin/../lib/gcc/arm-none-eabi/13.3.1/thumb/v7e-m/nofp/crtbegin.o
                0x08004080                        PROVIDE (__init_array_end = .)
                0x08004080                        . = ALIGN (0x4)

.fini_array     0x08004080        0x4
                0x08004080                        . = ALIGN (0x4)
                0x08004080                        PROVIDE (__fini_array_start = .)
 *(SORT_BY_NAME(.fini_array.*))
 *(.fini_array*)
 .fini_array    0x08004080        0x4 /Applications/ArmGNUToolchain/13.3.rel1/arm-none-eabi/bin/../lib/gcc/arm-none-eabi/13.3.1/thumb/v7e-m/nofp/crtbegin.o
                0x08004084                        PROVIDE (__fini_array_end = .)
                0x08004084                        . = ALIGN (0x4)
                0x08004084                        _sidata = LOADADDR (.data)

.rel.dyn        0x08004084        0x0
 .rel.iplt      0x08004084        0x0 /Applications/ArmGNUToolchain/13.3.rel1/arm-none-eabi/bin/../lib/gcc/arm-none-eabi/13.3.1/thumb/v7e-m/nofp/crtbegin.o

.data           0x20000000       0x14 load address 0x08004084
                0x20000000                        . = ALIGN (0x4)
                0x20000000                        _sdata = .
 *(.data)
 *(.data*)
 .data.SystemCoreClock
                0x20000000        0x4 CMakeFiles/test.elf.dir/Core/Src/system_stm32f4xx.c.obj
                0x20000000                SystemCoreClock
 .data.uwTickFreq
                0x20000004        0x1 CMakeFiles/test.elf.dir/Drivers/STM32F4xx_HAL_Driver/Src/stm32f4xx_hal.c.obj
                0x20000004                uwTickFreq
 *fill*         0x20000005        0x3 
 .data.uwTickPrio
                0x20000008        0x4 CMakeFiles/test.elf.dir/Drivers/STM32F4xx_HAL_Driver/Src/stm32f4xx_hal.c.obj
                0x20000008                uwTickPrio
 .data._tx_thread_system_state
                0x2000000c        0x4 CMakeFiles/test.elf.dir/Middlewares/ST/threadx/common/src/tx_thread_initialize.c.obj
                0x2000000c                _tx_thread_system_state
 .data.__atexit_recursive_mutex
                0x20000010        0x4 /Applications/ArmGNUToolchain/13.3.rel1/arm-none-eabi/bin/../lib/gcc/arm-none-eabi/13.3.1/../../../../arm-none-eabi/lib/thumb/v7e-m/nofp/libg.a(libc_a-__call_atexit.o)
                0x20000010                __atexit_recursive_mutex
 *(.RamFunc)
 *(.RamFunc*)
                0x20000014                        . = ALIGN (0x4)
                0x20000014                        _edata = .

.tm_clone_table
                0x20000014        0x0 load address 0x08004098
 .tm_clone_table
                0x20000014        0x0 /Applications/ArmGNUToolchain/13.3.rel1/arm-none-eabi/bin/../lib/gcc/arm-none-eabi/13.3.1/thumb/v7e-m/nofp/crtbegin.o
 .tm_clone_table
                0x20000014        0x0 /Applications/ArmGNUToolchain/13.3.rel1/arm-none-eabi/bin/../lib/gcc/arm-none-eabi/13.3.1/thumb/v7e-m/nofp/crtend.o

.igot.plt       0x20000014        0x0 load address 0x08004098
 .igot.plt      0x20000014        0x0 /Applications/ArmGNUToolchain/13.3.rel1/arm-none-eabi/bin/../lib/gcc/arm-none-eabi/13.3.1/thumb/v7e-m/nofp/crtbegin.o
                0x20000014                        . = ALIGN (0x4)

.bss            0x20000014     0x1390 load address 0x08004098
                0x20000014                        _sbss = .
                0x20000014                        __bss_start__ = _sbss
 *(.bss)
 *(.bss*)
 .bss.completed.1
                0x20000014        0x1 /Applications/ArmGNUToolchain/13.3.rel1/arm-none-eabi/bin/../lib/gcc/arm-none-eabi/13.3.1/thumb/v7e-m/nofp/crtbegin.o
 *fill*         0x20000015        0x3 
 .bss.object.0  0x20000018       0x18 /Applications/ArmGNUToolchain/13.3.rel1/arm-none-eabi/bin/../lib/gcc/arm-none-eabi/13.3.1/thumb/v7e-m/nofp/crtbegin.o
 .bss.rx_buffer
                0x20000030      0x100 CMakeFiles/test.elf.dir/AZURE_RTOS/App/app_azure_rtos.c.obj
 .bss.event_flags
                0x20000130       0x24 CMakeFiles/test.elf.dir/AZURE_RTOS/App/app_azure_rtos.c.obj
 .bss.timeout_timer
                0x20000154       0x2c CMakeFiles/test.elf.dir/AZURE_RTOS/App/app_azure_rtos.c.obj
 .bss.thread1   0x20000180       0xb0 CMakeFiles/test.elf.dir/AZURE_RTOS/App/app_azure_rtos.c.obj
 .bss.tx_app_byte_pool
                0x20000230       0x34 CMakeFiles/test.elf.dir/AZURE_RTOS/App/app_azure_rtos.c.obj
 .bss.tx_byte_pool_buffer
                0x20000264      0x400 CMakeFiles/test.elf.dir/AZURE_RTOS/App/app_azure_rtos.c.obj
 .bss.htim11    0x20000664       0x48 CMakeFiles/test.elf.dir/Core/Src/stm32f4xx_hal_timebase_tim.c.obj
                0x20000664                htim11
 .bss.hdma_usart1_tx
                0x200006ac       0x60 CMakeFiles/test.elf.dir/Core/Src/usart.c.obj
                0x200006ac                hdma_usart1_tx
 .bss.hdma_usart1_rx
                0x2000070c       0x60 CMakeFiles/test.elf.dir/Core/Src/usart.c.obj
                0x2000070c                hdma_usart1_rx
 .bss.huart1    0x2000076c       0x48 CMakeFiles/test.elf.dir/Core/Src/usart.c.obj
                0x2000076c                huart1
 .bss.uwTick    0x200007b4        0x4 CMakeFiles/test.elf.dir/Drivers/STM32F4xx_HAL_Driver/Src/stm32f4xx_hal.c.obj
                0x200007b4                uwTick
 .bss._tx_initialize_unused_memory
                0x200007b8        0x4 CMakeFiles/test.elf.dir/Middlewares/ST/threadx/common/src/tx_initialize_high_level.c.obj
                0x200007b8                _tx_initialize_unused_memory
 .bss._tx_byte_pool_created_count
                0x200007bc        0x4 CMakeFiles/test.elf.dir/Middlewares/ST/threadx/common/src/tx_initialize_high_level.c.obj
                0x200007bc                _tx_byte_pool_created_count
 .bss._tx_byte_pool_created_ptr
                0x200007c0        0x4 CMakeFiles/test.elf.dir/Middlewares/ST/threadx/common/src/tx_initialize_high_level.c.obj
                0x200007c0                _tx_byte_pool_created_ptr
 .bss._tx_block_pool_created_count
                0x200007c4        0x4 CMakeFiles/test.elf.dir/Middlewares/ST/threadx/common/src/tx_initialize_high_level.c.obj
                0x200007c4                _tx_block_pool_created_count
 .bss._tx_block_pool_created_ptr
                0x200007c8        0x4 CMakeFiles/test.elf.dir/Middlewares/ST/threadx/common/src/tx_initialize_high_level.c.obj
                0x200007c8                _tx_block_pool_created_ptr
 .bss._tx_mutex_created_count
                0x200007cc        0x4 CMakeFiles/test.elf.dir/Middlewares/ST/threadx/common/src/tx_initialize_high_level.c.obj
                0x200007cc                _tx_mutex_created_count
 .bss._tx_mutex_created_ptr
                0x200007d0        0x4 CMakeFiles/test.elf.dir/Middlewares/ST/threadx/common/src/tx_initialize_high_level.c.obj
                0x200007d0                _tx_mutex_created_ptr
 .bss._tx_event_flags_created_count
                0x200007d4        0x4 CMakeFiles/test.elf.dir/Middlewares/ST/threadx/common/src/tx_initialize_high_level.c.obj
                0x200007d4                _tx_event_flags_created_count
 .bss._tx_event_flags_created_ptr
                0x200007d8        0x4 CMakeFiles/test.elf.dir/Middlewares/ST/threadx/common/src/tx_initialize_high_level.c.obj
                0x200007d8                _tx_event_flags_created_ptr
 .bss._tx_queue_created_count
                0x200007dc        0x4 CMakeFiles/test.elf.dir/Middlewares/ST/threadx/common/src/tx_initialize_high_level.c.obj
                0x200007dc                _tx_queue_created_count
 .bss._tx_queue_created_ptr
                0x200007e0        0x4 CMakeFiles/test.elf.dir/Middlewares/ST/threadx/common/src/tx_initialize_high_level.c.obj
                0x200007e0                _tx_queue_created_ptr
 .bss._tx_semaphore_created_count
                0x200007e4        0x4 CMakeFiles/test.elf.dir/Middlewares/ST/threadx/common/src/tx_initialize_high_level.c.obj
                0x200007e4                _tx_semaphore_created_count
 .bss._tx_semaphore_created_ptr
                0x200007e8        0x4 CMakeFiles/test.elf.dir/Middlewares/ST/threadx/common/src/tx_initialize_high_level.c.obj
                0x200007e8                _tx_semaphore_created_ptr
 .bss._tx_build_options
                0x200007ec        0x4 CMakeFiles/test.elf.dir/Middlewares/ST/threadx/common/src/tx_thread_initialize.c.obj
                0x200007ec                _tx_build_options
 .bss._tx_thread_mutex_release
                0x200007f0        0x4 CMakeFiles/test.elf.dir/Middlewares/ST/threadx/common/src/tx_thread_initialize.c.obj
                0x200007f0                _tx_thread_mutex_release
 .bss._tx_thread_preempt_disable
                0x200007f4        0x4 CMakeFiles/test.elf.dir/Middlewares/ST/threadx/common/src/tx_thread_initialize.c.obj
                0x200007f4                _tx_thread_preempt_disable
 .bss._tx_thread_priority_list
                0x200007f8       0x80 CMakeFiles/test.elf.dir/Middlewares/ST/threadx/common/src/tx_thread_initialize.c.obj
                0x200007f8                _tx_thread_priority_list
 .bss._tx_thread_highest_priority
                0x20000878        0x4 CMakeFiles/test.elf.dir/Middlewares/ST/threadx/common/src/tx_thread_initialize.c.obj
                0x20000878                _tx_thread_highest_priority
 .bss._tx_thread_priority_maps
                0x2000087c        0x4 CMakeFiles/test.elf.dir/Middlewares/ST/threadx/common/src/tx_thread_initialize.c.obj
                0x2000087c                _tx_thread_priority_maps
 .bss._tx_thread_created_count
                0x20000880        0x4 CMakeFiles/test.elf.dir/Middlewares/ST/threadx/common/src/tx_thread_initialize.c.obj
                0x20000880                _tx_thread_created_count
 .bss._tx_thread_created_ptr
                0x20000884        0x4 CMakeFiles/test.elf.dir/Middlewares/ST/threadx/common/src/tx_thread_initialize.c.obj
                0x20000884                _tx_thread_created_ptr
 .bss._tx_thread_execute_ptr
                0x20000888        0x4 CMakeFiles/test.elf.dir/Middlewares/ST/threadx/common/src/tx_thread_initialize.c.obj
                0x20000888                _tx_thread_execute_ptr
 .bss._tx_thread_current_ptr
                0x2000088c        0x4 CMakeFiles/test.elf.dir/Middlewares/ST/threadx/common/src/tx_thread_initialize.c.obj
                0x2000088c                _tx_thread_current_ptr
 .bss._tx_thread_system_stack_ptr
                0x20000890        0x4 CMakeFiles/test.elf.dir/Middlewares/ST/threadx/common/src/tx_thread_initialize.c.obj
                0x20000890                _tx_thread_system_stack_ptr
 .bss._tx_timer_time_slice
                0x20000894        0x4 CMakeFiles/test.elf.dir/Middlewares/ST/threadx/common/src/tx_timer_initialize.c.obj
                0x20000894                _tx_timer_time_slice
 .bss._tx_timer_thread_stack_area
                0x20000898      0x400 CMakeFiles/test.elf.dir/Middlewares/ST/threadx/common/src/tx_timer_initialize.c.obj
                0x20000898                _tx_timer_thread_stack_area
 .bss._tx_timer_priority
                0x20000c98        0x4 CMakeFiles/test.elf.dir/Middlewares/ST/threadx/common/src/tx_timer_initialize.c.obj
                0x20000c98                _tx_timer_priority
 .bss._tx_timer_stack_size
                0x20000c9c        0x4 CMakeFiles/test.elf.dir/Middlewares/ST/threadx/common/src/tx_timer_initialize.c.obj
                0x20000c9c                _tx_timer_stack_size
 .bss._tx_timer_stack_start
                0x20000ca0        0x4 CMakeFiles/test.elf.dir/Middlewares/ST/threadx/common/src/tx_timer_initialize.c.obj
                0x20000ca0                _tx_timer_stack_start
 .bss._tx_timer_thread
                0x20000ca4       0xb0 CMakeFiles/test.elf.dir/Middlewares/ST/threadx/common/src/tx_timer_initialize.c.obj
                0x20000ca4                _tx_timer_thread
 .bss._tx_timer_expired_timer_ptr
                0x20000d54        0x4 CMakeFiles/test.elf.dir/Middlewares/ST/threadx/common/src/tx_timer_initialize.c.obj
                0x20000d54                _tx_timer_expired_timer_ptr
 .bss._tx_timer_created_count
                0x20000d58        0x4 CMakeFiles/test.elf.dir/Middlewares/ST/threadx/common/src/tx_timer_initialize.c.obj
                0x20000d58                _tx_timer_created_count
 .bss._tx_timer_created_ptr
                0x20000d5c        0x4 CMakeFiles/test.elf.dir/Middlewares/ST/threadx/common/src/tx_timer_initialize.c.obj
                0x20000d5c                _tx_timer_created_ptr
 .bss._tx_timer_expired
                0x20000d60        0x4 CMakeFiles/test.elf.dir/Middlewares/ST/threadx/common/src/tx_timer_initialize.c.obj
                0x20000d60                _tx_timer_expired
 .bss._tx_timer_current_ptr
                0x20000d64        0x4 CMakeFiles/test.elf.dir/Middlewares/ST/threadx/common/src/tx_timer_initialize.c.obj
                0x20000d64                _tx_timer_current_ptr
 .bss._tx_timer_list_end
                0x20000d68        0x4 CMakeFiles/test.elf.dir/Middlewares/ST/threadx/common/src/tx_timer_initialize.c.obj
                0x20000d68                _tx_timer_list_end
 .bss._tx_timer_list_start
                0x20000d6c        0x4 CMakeFiles/test.elf.dir/Middlewares/ST/threadx/common/src/tx_timer_initialize.c.obj
                0x20000d6c                _tx_timer_list_start
 .bss._tx_timer_list
                0x20000d70       0x80 CMakeFiles/test.elf.dir/Middlewares/ST/threadx/common/src/tx_timer_initialize.c.obj
                0x20000d70                _tx_timer_list
 .bss._tx_timer_expired_time_slice
                0x20000df0        0x4 CMakeFiles/test.elf.dir/Middlewares/ST/threadx/common/src/tx_timer_initialize.c.obj
                0x20000df0                _tx_timer_expired_time_slice
 .bss._tx_timer_system_clock
                0x20000df4        0x4 CMakeFiles/test.elf.dir/Middlewares/ST/threadx/common/src/tx_timer_initialize.c.obj
                0x20000df4                _tx_timer_system_clock
 .bss.inputRegisters
                0x20000df8       0x80 CMakeFiles/test.elf.dir/modbus/modbus_master.c.obj
                0x20000df8                inputRegisters
 .bss.holdingRegisters
                0x20000e78       0x80 CMakeFiles/test.elf.dir/modbus/modbus_master.c.obj
                0x20000e78                holdingRegisters
 .bss.discreteInputs
                0x20000ef8       0x80 CMakeFiles/test.elf.dir/modbus/modbus_master.c.obj
                0x20000ef8                discreteInputs
 .bss.coils     0x20000f78       0x80 CMakeFiles/test.elf.dir/modbus/modbus_master.c.obj
                0x20000f78                coils
 .bss.g_tModH   0x20000ff8      0x212 CMakeFiles/test.elf.dir/modbus/modbus_master.c.obj
                0x20000ff8                g_tModH
 *fill*         0x2000120a        0x2 
 .bss.__lock___atexit_recursive_mutex
                0x2000120c        0x1 /Applications/ArmGNUToolchain/13.3.rel1/arm-none-eabi/bin/../lib/gcc/arm-none-eabi/13.3.1/../../../../arm-none-eabi/lib/thumb/v7e-m/nofp/libg.a(libc_a-lock.o)
                0x2000120c                __lock___atexit_recursive_mutex
 *fill*         0x2000120d        0x3 
 .bss.__atexit  0x20001210        0x4 /Applications/ArmGNUToolchain/13.3.rel1/arm-none-eabi/bin/../lib/gcc/arm-none-eabi/13.3.1/../../../../arm-none-eabi/lib/thumb/v7e-m/nofp/libg.a(libc_a-__call_atexit.o)
                0x20001210                __atexit
 .bss.__atexit0
                0x20001214      0x190 /Applications/ArmGNUToolchain/13.3.rel1/arm-none-eabi/bin/../lib/gcc/arm-none-eabi/13.3.1/../../../../arm-none-eabi/lib/thumb/v7e-m/nofp/libg.a(libc_a-__atexit.o)
                0x20001214                __atexit0
 *(COMMON)
                0x200013a4                        . = ALIGN (0x4)
                0x200013a4                        _ebss = .
                0x200013a4                        __bss_end__ = _ebss

._user_heap_stack
                0x200013a4      0x604 load address 0x08004098
                0x200013a8                        . = ALIGN (0x8)
 *fill*         0x200013a4        0x4 
                [!provide]                        PROVIDE (end = .)
                [!provide]                        PROVIDE (_end = .)
                0x200015a8                        . = (. + _Min_Heap_Size)
 *fill*         0x200013a8      0x200 
                0x200019a8                        . = (. + _Min_Stack_Size)
 *fill*         0x200015a8      0x400 
                0x200019a8                        . = ALIGN (0x8)

/DISCARD/
 libc.a(*)
 libm.a(*)
 libgcc.a(*)

.ARM.attributes
                0x00000000       0x2a
 *(.ARM.attributes)
 .ARM.attributes
                0x00000000       0x1e /Applications/ArmGNUToolchain/13.3.rel1/arm-none-eabi/bin/../lib/gcc/arm-none-eabi/13.3.1/thumb/v7e-m/nofp/crti.o
 .ARM.attributes
                0x0000001e       0x2e /Applications/ArmGNUToolchain/13.3.rel1/arm-none-eabi/bin/../lib/gcc/arm-none-eabi/13.3.1/thumb/v7e-m/nofp/crtbegin.o
 .ARM.attributes
                0x0000004c       0x2e CMakeFiles/test.elf.dir/AZURE_RTOS/App/app_azure_rtos.c.obj
 .ARM.attributes
                0x0000007a       0x2e CMakeFiles/test.elf.dir/Core/Src/app_threadx.c.obj
 .ARM.attributes
                0x000000a8       0x2e CMakeFiles/test.elf.dir/Core/Src/dma.c.obj
 .ARM.attributes
                0x000000d6       0x2e CMakeFiles/test.elf.dir/Core/Src/gpio.c.obj
 .ARM.attributes
                0x00000104       0x2e CMakeFiles/test.elf.dir/Core/Src/main.c.obj
 .ARM.attributes
                0x00000132       0x2e CMakeFiles/test.elf.dir/Core/Src/stm32f4xx_hal_msp.c.obj
 .ARM.attributes
                0x00000160       0x2e CMakeFiles/test.elf.dir/Core/Src/stm32f4xx_hal_timebase_tim.c.obj
 .ARM.attributes
                0x0000018e       0x2e CMakeFiles/test.elf.dir/Core/Src/stm32f4xx_it.c.obj
 .ARM.attributes
                0x000001bc       0x2e CMakeFiles/test.elf.dir/Core/Src/system_stm32f4xx.c.obj
 .ARM.attributes
                0x000001ea       0x1c CMakeFiles/test.elf.dir/Core/Src/tx_initialize_low_level.s.obj
 .ARM.attributes
                0x00000206       0x2e CMakeFiles/test.elf.dir/Core/Src/usart.c.obj
 .ARM.attributes
                0x00000234       0x21 CMakeFiles/test.elf.dir/Core/Startup/startup_stm32f411ceux.s.obj
 .ARM.attributes
                0x00000255       0x2e CMakeFiles/test.elf.dir/Drivers/STM32F4xx_HAL_Driver/Src/stm32f4xx_hal.c.obj
 .ARM.attributes
                0x00000283       0x2e CMakeFiles/test.elf.dir/Drivers/STM32F4xx_HAL_Driver/Src/stm32f4xx_hal_cortex.c.obj
 .ARM.attributes
                0x000002b1       0x2e CMakeFiles/test.elf.dir/Drivers/STM32F4xx_HAL_Driver/Src/stm32f4xx_hal_dma.c.obj
 .ARM.attributes
                0x000002df       0x2e CMakeFiles/test.elf.dir/Drivers/STM32F4xx_HAL_Driver/Src/stm32f4xx_hal_gpio.c.obj
 .ARM.attributes
                0x0000030d       0x2e CMakeFiles/test.elf.dir/Drivers/STM32F4xx_HAL_Driver/Src/stm32f4xx_hal_rcc.c.obj
 .ARM.attributes
                0x0000033b       0x2e CMakeFiles/test.elf.dir/Drivers/STM32F4xx_HAL_Driver/Src/stm32f4xx_hal_tim.c.obj
 .ARM.attributes
                0x00000369       0x2e CMakeFiles/test.elf.dir/Drivers/STM32F4xx_HAL_Driver/Src/stm32f4xx_hal_tim_ex.c.obj
 .ARM.attributes
                0x00000397       0x2e CMakeFiles/test.elf.dir/Drivers/STM32F4xx_HAL_Driver/Src/stm32f4xx_hal_uart.c.obj
 .ARM.attributes
                0x000003c5       0x2e CMakeFiles/test.elf.dir/Middlewares/ST/threadx/common/src/tx_byte_pool_create.c.obj
 .ARM.attributes
                0x000003f3       0x2e CMakeFiles/test.elf.dir/Middlewares/ST/threadx/common/src/tx_event_flags_cleanup.c.obj
 .ARM.attributes
                0x00000421       0x2e CMakeFiles/test.elf.dir/Middlewares/ST/threadx/common/src/tx_event_flags_create.c.obj
 .ARM.attributes
                0x0000044f       0x2e CMakeFiles/test.elf.dir/Middlewares/ST/threadx/common/src/tx_event_flags_get.c.obj
 .ARM.attributes
                0x0000047d       0x2e CMakeFiles/test.elf.dir/Middlewares/ST/threadx/common/src/tx_event_flags_set.c.obj
 .ARM.attributes
                0x000004ab       0x2e CMakeFiles/test.elf.dir/Middlewares/ST/threadx/common/src/tx_initialize_high_level.c.obj
 .ARM.attributes
                0x000004d9       0x2e CMakeFiles/test.elf.dir/Middlewares/ST/threadx/common/src/tx_initialize_kernel_enter.c.obj
 .ARM.attributes
                0x00000507       0x2e CMakeFiles/test.elf.dir/Middlewares/ST/threadx/common/src/tx_thread_create.c.obj
 .ARM.attributes
                0x00000535       0x2e CMakeFiles/test.elf.dir/Middlewares/ST/threadx/common/src/tx_thread_initialize.c.obj
 .ARM.attributes
                0x00000563       0x2e CMakeFiles/test.elf.dir/Middlewares/ST/threadx/common/src/tx_thread_shell_entry.c.obj
 .ARM.attributes
                0x00000591       0x2e CMakeFiles/test.elf.dir/Middlewares/ST/threadx/common/src/tx_thread_system_preempt_check.c.obj
 .ARM.attributes
                0x000005bf       0x2e CMakeFiles/test.elf.dir/Middlewares/ST/threadx/common/src/tx_thread_system_resume.c.obj
 .ARM.attributes
                0x000005ed       0x2e CMakeFiles/test.elf.dir/Middlewares/ST/threadx/common/src/tx_thread_system_suspend.c.obj
 .ARM.attributes
                0x0000061b       0x2e CMakeFiles/test.elf.dir/Middlewares/ST/threadx/common/src/tx_thread_time_slice.c.obj
 .ARM.attributes
                0x00000649       0x2e CMakeFiles/test.elf.dir/Middlewares/ST/threadx/common/src/tx_thread_timeout.c.obj
 .ARM.attributes
                0x00000677       0x2e CMakeFiles/test.elf.dir/Middlewares/ST/threadx/common/src/tx_timer_activate.c.obj
 .ARM.attributes
                0x000006a5       0x2e CMakeFiles/test.elf.dir/Middlewares/ST/threadx/common/src/tx_timer_change.c.obj
 .ARM.attributes
                0x000006d3       0x2e CMakeFiles/test.elf.dir/Middlewares/ST/threadx/common/src/tx_timer_create.c.obj
 .ARM.attributes
                0x00000701       0x2e CMakeFiles/test.elf.dir/Middlewares/ST/threadx/common/src/tx_timer_deactivate.c.obj
 .ARM.attributes
                0x0000072f       0x2e CMakeFiles/test.elf.dir/Middlewares/ST/threadx/common/src/tx_timer_expiration_process.c.obj
 .ARM.attributes
                0x0000075d       0x2e CMakeFiles/test.elf.dir/Middlewares/ST/threadx/common/src/tx_timer_initialize.c.obj
 .ARM.attributes
                0x0000078b       0x2e CMakeFiles/test.elf.dir/Middlewares/ST/threadx/common/src/tx_timer_system_activate.c.obj
 .ARM.attributes
                0x000007b9       0x2e CMakeFiles/test.elf.dir/Middlewares/ST/threadx/common/src/tx_timer_system_deactivate.c.obj
 .ARM.attributes
                0x000007e7       0x2e CMakeFiles/test.elf.dir/Middlewares/ST/threadx/common/src/tx_timer_thread_entry.c.obj
 .ARM.attributes
                0x00000815       0x2e CMakeFiles/test.elf.dir/Middlewares/ST/threadx/common/src/txe_byte_pool_create.c.obj
 .ARM.attributes
                0x00000843       0x2e CMakeFiles/test.elf.dir/Middlewares/ST/threadx/common/src/txe_event_flags_create.c.obj
 .ARM.attributes
                0x00000871       0x2e CMakeFiles/test.elf.dir/Middlewares/ST/threadx/common/src/txe_event_flags_get.c.obj
 .ARM.attributes
                0x0000089f       0x2e CMakeFiles/test.elf.dir/Middlewares/ST/threadx/common/src/txe_event_flags_set.c.obj
 .ARM.attributes
                0x000008cd       0x2e CMakeFiles/test.elf.dir/Middlewares/ST/threadx/common/src/txe_thread_create.c.obj
 .ARM.attributes
                0x000008fb       0x2e CMakeFiles/test.elf.dir/Middlewares/ST/threadx/common/src/txe_timer_activate.c.obj
 .ARM.attributes
                0x00000929       0x2e CMakeFiles/test.elf.dir/Middlewares/ST/threadx/common/src/txe_timer_change.c.obj
 .ARM.attributes
                0x00000957       0x2e CMakeFiles/test.elf.dir/Middlewares/ST/threadx/common/src/txe_timer_create.c.obj
 .ARM.attributes
                0x00000985       0x2e CMakeFiles/test.elf.dir/Middlewares/ST/threadx/common/src/txe_timer_deactivate.c.obj
 .ARM.attributes
                0x000009b3       0x1c CMakeFiles/test.elf.dir/Middlewares/ST/threadx/ports/cortex_m4/gnu/src/tx_thread_schedule.S.obj
 .ARM.attributes
                0x000009cf       0x1c CMakeFiles/test.elf.dir/Middlewares/ST/threadx/ports/cortex_m4/gnu/src/tx_thread_stack_build.S.obj
 .ARM.attributes
                0x000009eb       0x1c CMakeFiles/test.elf.dir/Middlewares/ST/threadx/ports/cortex_m4/gnu/src/tx_timer_interrupt.S.obj
 .ARM.attributes
                0x00000a07       0x2e CMakeFiles/test.elf.dir/modbus/modbus_master.c.obj
 .ARM.attributes
                0x00000a35       0x1e /Applications/ArmGNUToolchain/13.3.rel1/arm-none-eabi/bin/../lib/gcc/arm-none-eabi/13.3.1/thumb/v7e-m/nofp/libgcc.a(_aeabi_uldivmod.o)
 .ARM.attributes
                0x00000a53       0x2e /Applications/ArmGNUToolchain/13.3.rel1/arm-none-eabi/bin/../lib/gcc/arm-none-eabi/13.3.1/thumb/v7e-m/nofp/libgcc.a(_udivmoddi4.o)
 .ARM.attributes
                0x00000a81       0x1e /Applications/ArmGNUToolchain/13.3.rel1/arm-none-eabi/bin/../lib/gcc/arm-none-eabi/13.3.1/thumb/v7e-m/nofp/libgcc.a(_dvmd_tls.o)
 .ARM.attributes
                0x00000a9f       0x2e /Applications/ArmGNUToolchain/13.3.rel1/arm-none-eabi/bin/../lib/gcc/arm-none-eabi/13.3.1/../../../../arm-none-eabi/lib/thumb/v7e-m/nofp/libg.a(libc_a-memset.o)
 .ARM.attributes
                0x00000acd       0x2e /Applications/ArmGNUToolchain/13.3.rel1/arm-none-eabi/bin/../lib/gcc/arm-none-eabi/13.3.1/../../../../arm-none-eabi/lib/thumb/v7e-m/nofp/libg.a(libc_a-init.o)
 .ARM.attributes
                0x00000afb       0x2e /Applications/ArmGNUToolchain/13.3.rel1/arm-none-eabi/bin/../lib/gcc/arm-none-eabi/13.3.1/../../../../arm-none-eabi/lib/thumb/v7e-m/nofp/libg.a(libc_a-lock.o)
 .ARM.attributes
                0x00000b29       0x2e /Applications/ArmGNUToolchain/13.3.rel1/arm-none-eabi/bin/../lib/gcc/arm-none-eabi/13.3.1/../../../../arm-none-eabi/lib/thumb/v7e-m/nofp/libg.a(libc_a-__call_atexit.o)
 .ARM.attributes
                0x00000b57       0x2e /Applications/ArmGNUToolchain/13.3.rel1/arm-none-eabi/bin/../lib/gcc/arm-none-eabi/13.3.1/../../../../arm-none-eabi/lib/thumb/v7e-m/nofp/libg.a(libc_a-atexit.o)
 .ARM.attributes
                0x00000b85       0x2e /Applications/ArmGNUToolchain/13.3.rel1/arm-none-eabi/bin/../lib/gcc/arm-none-eabi/13.3.1/../../../../arm-none-eabi/lib/thumb/v7e-m/nofp/libg.a(libc_a-fini.o)
 .ARM.attributes
                0x00000bb3       0x2e /Applications/ArmGNUToolchain/13.3.rel1/arm-none-eabi/bin/../lib/gcc/arm-none-eabi/13.3.1/../../../../arm-none-eabi/lib/thumb/v7e-m/nofp/libg.a(libc_a-__atexit.o)
 .ARM.attributes
                0x00000be1       0x2e /Applications/ArmGNUToolchain/13.3.rel1/arm-none-eabi/bin/../lib/gcc/arm-none-eabi/13.3.1/thumb/v7e-m/nofp/crtend.o
 .ARM.attributes
                0x00000c0f       0x1e /Applications/ArmGNUToolchain/13.3.rel1/arm-none-eabi/bin/../lib/gcc/arm-none-eabi/13.3.1/thumb/v7e-m/nofp/crtn.o
OUTPUT(test.elf elf32-littlearm)
LOAD linker stubs
LOAD /Applications/ArmGNUToolchain/13.3.rel1/arm-none-eabi/bin/../lib/gcc/arm-none-eabi/13.3.1/../../../../arm-none-eabi/lib/thumb/v7e-m/nofp/libc.a
LOAD /Applications/ArmGNUToolchain/13.3.rel1/arm-none-eabi/bin/../lib/gcc/arm-none-eabi/13.3.1/../../../../arm-none-eabi/lib/thumb/v7e-m/nofp/libm.a
LOAD /Applications/ArmGNUToolchain/13.3.rel1/arm-none-eabi/bin/../lib/gcc/arm-none-eabi/13.3.1/thumb/v7e-m/nofp/libgcc.a

.debug_info     0x00000000    0x1dff3
 .debug_info    0x00000000     0x1373 CMakeFiles/test.elf.dir/AZURE_RTOS/App/app_azure_rtos.c.obj
 .debug_info    0x00001373      0x560 CMakeFiles/test.elf.dir/Core/Src/app_threadx.c.obj
 .debug_info    0x000018d3      0x4a9 CMakeFiles/test.elf.dir/Core/Src/dma.c.obj
 .debug_info    0x00001d7c      0x28d CMakeFiles/test.elf.dir/Core/Src/gpio.c.obj
 .debug_info    0x00002009      0xb9e CMakeFiles/test.elf.dir/Core/Src/main.c.obj
 .debug_info    0x00002ba7      0x28d CMakeFiles/test.elf.dir/Core/Src/stm32f4xx_hal_msp.c.obj
 .debug_info    0x00002e34      0xc04 CMakeFiles/test.elf.dir/Core/Src/stm32f4xx_hal_timebase_tim.c.obj
 .debug_info    0x00003a38      0xa15 CMakeFiles/test.elf.dir/Core/Src/stm32f4xx_it.c.obj
 .debug_info    0x0000444d      0x35c CMakeFiles/test.elf.dir/Core/Src/system_stm32f4xx.c.obj
 .debug_info    0x000047a9       0x25 CMakeFiles/test.elf.dir/Core/Src/tx_initialize_low_level.s.obj
 .debug_info    0x000047ce      0xc75 CMakeFiles/test.elf.dir/Core/Src/usart.c.obj
 .debug_info    0x00005443       0x30 CMakeFiles/test.elf.dir/Core/Startup/startup_stm32f411ceux.s.obj
 .debug_info    0x00005473      0x962 CMakeFiles/test.elf.dir/Drivers/STM32F4xx_HAL_Driver/Src/stm32f4xx_hal.c.obj
 .debug_info    0x00005dd5      0xf32 CMakeFiles/test.elf.dir/Drivers/STM32F4xx_HAL_Driver/Src/stm32f4xx_hal_cortex.c.obj
 .debug_info    0x00006d07      0xad8 CMakeFiles/test.elf.dir/Drivers/STM32F4xx_HAL_Driver/Src/stm32f4xx_hal_dma.c.obj
 .debug_info    0x000077df      0x73a CMakeFiles/test.elf.dir/Drivers/STM32F4xx_HAL_Driver/Src/stm32f4xx_hal_gpio.c.obj
 .debug_info    0x00007f19      0xab0 CMakeFiles/test.elf.dir/Drivers/STM32F4xx_HAL_Driver/Src/stm32f4xx_hal_rcc.c.obj
 .debug_info    0x000089c9     0x3c4c CMakeFiles/test.elf.dir/Drivers/STM32F4xx_HAL_Driver/Src/stm32f4xx_hal_tim.c.obj
 .debug_info    0x0000c615     0x1ae5 CMakeFiles/test.elf.dir/Drivers/STM32F4xx_HAL_Driver/Src/stm32f4xx_hal_tim_ex.c.obj
 .debug_info    0x0000e0fa     0x4007 CMakeFiles/test.elf.dir/Drivers/STM32F4xx_HAL_Driver/Src/stm32f4xx_hal_uart.c.obj
 .debug_info    0x00012101      0x707 CMakeFiles/test.elf.dir/Middlewares/ST/threadx/common/src/tx_byte_pool_create.c.obj
 .debug_info    0x00012808      0x6bb CMakeFiles/test.elf.dir/Middlewares/ST/threadx/common/src/tx_event_flags_cleanup.c.obj
 .debug_info    0x00012ec3      0x64a CMakeFiles/test.elf.dir/Middlewares/ST/threadx/common/src/tx_event_flags_create.c.obj
 .debug_info    0x0001350d      0x78c CMakeFiles/test.elf.dir/Middlewares/ST/threadx/common/src/tx_event_flags_get.c.obj
 .debug_info    0x00013c99      0x953 CMakeFiles/test.elf.dir/Middlewares/ST/threadx/common/src/tx_event_flags_set.c.obj
 .debug_info    0x000145ec      0x8ce CMakeFiles/test.elf.dir/Middlewares/ST/threadx/common/src/tx_initialize_high_level.c.obj
 .debug_info    0x00014eba      0x11c CMakeFiles/test.elf.dir/Middlewares/ST/threadx/common/src/tx_initialize_kernel_enter.c.obj
 .debug_info    0x00014fd6      0x83d CMakeFiles/test.elf.dir/Middlewares/ST/threadx/common/src/tx_thread_create.c.obj
 .debug_info    0x00015813      0x637 CMakeFiles/test.elf.dir/Middlewares/ST/threadx/common/src/tx_thread_initialize.c.obj
 .debug_info    0x00015e4a      0x578 CMakeFiles/test.elf.dir/Middlewares/ST/threadx/common/src/tx_thread_shell_entry.c.obj
 .debug_info    0x000163c2      0x5a3 CMakeFiles/test.elf.dir/Middlewares/ST/threadx/common/src/tx_thread_system_preempt_check.c.obj
 .debug_info    0x00016965      0x7e1 CMakeFiles/test.elf.dir/Middlewares/ST/threadx/common/src/tx_thread_system_resume.c.obj
 .debug_info    0x00017146      0x8e2 CMakeFiles/test.elf.dir/Middlewares/ST/threadx/common/src/tx_thread_system_suspend.c.obj
 .debug_info    0x00017a28      0x55c CMakeFiles/test.elf.dir/Middlewares/ST/threadx/common/src/tx_thread_time_slice.c.obj
 .debug_info    0x00017f84      0x5b3 CMakeFiles/test.elf.dir/Middlewares/ST/threadx/common/src/tx_thread_timeout.c.obj
 .debug_info    0x00018537      0x2d5 CMakeFiles/test.elf.dir/Middlewares/ST/threadx/common/src/tx_timer_activate.c.obj
 .debug_info    0x0001880c      0x2ad CMakeFiles/test.elf.dir/Middlewares/ST/threadx/common/src/tx_timer_change.c.obj
 .debug_info    0x00018ab9      0x3c2 CMakeFiles/test.elf.dir/Middlewares/ST/threadx/common/src/tx_timer_create.c.obj
 .debug_info    0x00018e7b      0x336 CMakeFiles/test.elf.dir/Middlewares/ST/threadx/common/src/tx_timer_deactivate.c.obj
 .debug_info    0x000191b1      0x534 CMakeFiles/test.elf.dir/Middlewares/ST/threadx/common/src/tx_timer_expiration_process.c.obj
 .debug_info    0x000196e5      0x730 CMakeFiles/test.elf.dir/Middlewares/ST/threadx/common/src/tx_timer_initialize.c.obj
 .debug_info    0x00019e15      0x1d3 CMakeFiles/test.elf.dir/Middlewares/ST/threadx/common/src/tx_timer_system_activate.c.obj
 .debug_info    0x00019fe8      0x17c CMakeFiles/test.elf.dir/Middlewares/ST/threadx/common/src/tx_timer_system_deactivate.c.obj
 .debug_info    0x0001a164      0x7a7 CMakeFiles/test.elf.dir/Middlewares/ST/threadx/common/src/tx_timer_thread_entry.c.obj
 .debug_info    0x0001a90b      0x7f6 CMakeFiles/test.elf.dir/Middlewares/ST/threadx/common/src/txe_byte_pool_create.c.obj
 .debug_info    0x0001b101      0x779 CMakeFiles/test.elf.dir/Middlewares/ST/threadx/common/src/txe_event_flags_create.c.obj
 .debug_info    0x0001b87a      0x5fd CMakeFiles/test.elf.dir/Middlewares/ST/threadx/common/src/txe_event_flags_get.c.obj
 .debug_info    0x0001be77      0x53d CMakeFiles/test.elf.dir/Middlewares/ST/threadx/common/src/txe_event_flags_set.c.obj
 .debug_info    0x0001c3b4      0x824 CMakeFiles/test.elf.dir/Middlewares/ST/threadx/common/src/txe_thread_create.c.obj
 .debug_info    0x0001cbd8      0x1ed CMakeFiles/test.elf.dir/Middlewares/ST/threadx/common/src/txe_timer_activate.c.obj
 .debug_info    0x0001cdc5      0x280 CMakeFiles/test.elf.dir/Middlewares/ST/threadx/common/src/txe_timer_change.c.obj
 .debug_info    0x0001d045      0x7e1 CMakeFiles/test.elf.dir/Middlewares/ST/threadx/common/src/txe_timer_create.c.obj
 .debug_info    0x0001d826      0x1ed CMakeFiles/test.elf.dir/Middlewares/ST/threadx/common/src/txe_timer_deactivate.c.obj
 .debug_info    0x0001da13       0x25 CMakeFiles/test.elf.dir/Middlewares/ST/threadx/ports/cortex_m4/gnu/src/tx_thread_schedule.S.obj
 .debug_info    0x0001da38       0x24 CMakeFiles/test.elf.dir/Middlewares/ST/threadx/ports/cortex_m4/gnu/src/tx_thread_stack_build.S.obj
 .debug_info    0x0001da5c       0x25 CMakeFiles/test.elf.dir/Middlewares/ST/threadx/ports/cortex_m4/gnu/src/tx_timer_interrupt.S.obj
 .debug_info    0x0001da81      0x572 CMakeFiles/test.elf.dir/modbus/modbus_master.c.obj

.debug_abbrev   0x00000000     0x5cc2
 .debug_abbrev  0x00000000      0x26a CMakeFiles/test.elf.dir/AZURE_RTOS/App/app_azure_rtos.c.obj
 .debug_abbrev  0x0000026a      0x11f CMakeFiles/test.elf.dir/Core/Src/app_threadx.c.obj
 .debug_abbrev  0x00000389      0x12b CMakeFiles/test.elf.dir/Core/Src/dma.c.obj
 .debug_abbrev  0x000004b4       0xd6 CMakeFiles/test.elf.dir/Core/Src/gpio.c.obj
 .debug_abbrev  0x0000058a      0x232 CMakeFiles/test.elf.dir/Core/Src/main.c.obj
 .debug_abbrev  0x000007bc       0xd6 CMakeFiles/test.elf.dir/Core/Src/stm32f4xx_hal_msp.c.obj
 .debug_abbrev  0x00000892      0x246 CMakeFiles/test.elf.dir/Core/Src/stm32f4xx_hal_timebase_tim.c.obj
 .debug_abbrev  0x00000ad8      0x1f2 CMakeFiles/test.elf.dir/Core/Src/stm32f4xx_it.c.obj
 .debug_abbrev  0x00000cca      0x120 CMakeFiles/test.elf.dir/Core/Src/system_stm32f4xx.c.obj
 .debug_abbrev  0x00000dea       0x14 CMakeFiles/test.elf.dir/Core/Src/tx_initialize_low_level.s.obj
 .debug_abbrev  0x00000dfe      0x24b CMakeFiles/test.elf.dir/Core/Src/usart.c.obj
 .debug_abbrev  0x00001049       0x24 CMakeFiles/test.elf.dir/Core/Startup/startup_stm32f411ceux.s.obj
 .debug_abbrev  0x0000106d      0x277 CMakeFiles/test.elf.dir/Drivers/STM32F4xx_HAL_Driver/Src/stm32f4xx_hal.c.obj
 .debug_abbrev  0x000012e4      0x39c CMakeFiles/test.elf.dir/Drivers/STM32F4xx_HAL_Driver/Src/stm32f4xx_hal_cortex.c.obj
 .debug_abbrev  0x00001680      0x27d CMakeFiles/test.elf.dir/Drivers/STM32F4xx_HAL_Driver/Src/stm32f4xx_hal_dma.c.obj
 .debug_abbrev  0x000018fd      0x201 CMakeFiles/test.elf.dir/Drivers/STM32F4xx_HAL_Driver/Src/stm32f4xx_hal_gpio.c.obj
 .debug_abbrev  0x00001afe      0x2c5 CMakeFiles/test.elf.dir/Drivers/STM32F4xx_HAL_Driver/Src/stm32f4xx_hal_rcc.c.obj
 .debug_abbrev  0x00001dc3      0x284 CMakeFiles/test.elf.dir/Drivers/STM32F4xx_HAL_Driver/Src/stm32f4xx_hal_tim.c.obj
 .debug_abbrev  0x00002047      0x282 CMakeFiles/test.elf.dir/Drivers/STM32F4xx_HAL_Driver/Src/stm32f4xx_hal_tim_ex.c.obj
 .debug_abbrev  0x000022c9      0x33c CMakeFiles/test.elf.dir/Drivers/STM32F4xx_HAL_Driver/Src/stm32f4xx_hal_uart.c.obj
 .debug_abbrev  0x00002605      0x1bb CMakeFiles/test.elf.dir/Middlewares/ST/threadx/common/src/tx_byte_pool_create.c.obj
 .debug_abbrev  0x000027c0      0x1be CMakeFiles/test.elf.dir/Middlewares/ST/threadx/common/src/tx_event_flags_cleanup.c.obj
 .debug_abbrev  0x0000297e      0x1b9 CMakeFiles/test.elf.dir/Middlewares/ST/threadx/common/src/tx_event_flags_create.c.obj
 .debug_abbrev  0x00002b37      0x1ef CMakeFiles/test.elf.dir/Middlewares/ST/threadx/common/src/tx_event_flags_get.c.obj
 .debug_abbrev  0x00002d26      0x1f9 CMakeFiles/test.elf.dir/Middlewares/ST/threadx/common/src/tx_event_flags_set.c.obj
 .debug_abbrev  0x00002f1f      0x10f CMakeFiles/test.elf.dir/Middlewares/ST/threadx/common/src/tx_initialize_high_level.c.obj
 .debug_abbrev  0x0000302e       0xd7 CMakeFiles/test.elf.dir/Middlewares/ST/threadx/common/src/tx_initialize_kernel_enter.c.obj
 .debug_abbrev  0x00003105      0x218 CMakeFiles/test.elf.dir/Middlewares/ST/threadx/common/src/tx_thread_create.c.obj
 .debug_abbrev  0x0000331d      0x13c CMakeFiles/test.elf.dir/Middlewares/ST/threadx/common/src/tx_thread_initialize.c.obj
 .debug_abbrev  0x00003459      0x1b0 CMakeFiles/test.elf.dir/Middlewares/ST/threadx/common/src/tx_thread_shell_entry.c.obj
 .debug_abbrev  0x00003609      0x1bf CMakeFiles/test.elf.dir/Middlewares/ST/threadx/common/src/tx_thread_system_preempt_check.c.obj
 .debug_abbrev  0x000037c8      0x215 CMakeFiles/test.elf.dir/Middlewares/ST/threadx/common/src/tx_thread_system_resume.c.obj
 .debug_abbrev  0x000039dd      0x239 CMakeFiles/test.elf.dir/Middlewares/ST/threadx/common/src/tx_thread_system_suspend.c.obj
 .debug_abbrev  0x00003c16      0x1b5 CMakeFiles/test.elf.dir/Middlewares/ST/threadx/common/src/tx_thread_time_slice.c.obj
 .debug_abbrev  0x00003dcb      0x1c2 CMakeFiles/test.elf.dir/Middlewares/ST/threadx/common/src/tx_thread_timeout.c.obj
 .debug_abbrev  0x00003f8d      0x19b CMakeFiles/test.elf.dir/Middlewares/ST/threadx/common/src/tx_timer_activate.c.obj
 .debug_abbrev  0x00004128      0x199 CMakeFiles/test.elf.dir/Middlewares/ST/threadx/common/src/tx_timer_change.c.obj
 .debug_abbrev  0x000042c1      0x1d8 CMakeFiles/test.elf.dir/Middlewares/ST/threadx/common/src/tx_timer_create.c.obj
 .debug_abbrev  0x00004499      0x19a CMakeFiles/test.elf.dir/Middlewares/ST/threadx/common/src/tx_timer_deactivate.c.obj